Analysis & Synthesis report for gp_processor
Tue Dec 13 21:46:40 2022
Quartus Prime Version 21.1.1 Build 850 06/23/2022 SJ Lite Edition


---------------------
; Table of Contents ;
---------------------
  1. Legal Notice
  2. Analysis & Synthesis Summary
  3. Analysis & Synthesis Settings
  4. Parallel Compilation
  5. Analysis & Synthesis Source Files Read
  6. Analysis & Synthesis Resource Usage Summary
  7. Analysis & Synthesis Resource Utilization by Entity
  8. State Machine - |gp_processor|gp_processor_control:u_CONTROL|gp_processor_controller:u_CONTROLLER|r_STATE
  9. Registers Removed During Synthesis
 10. Removed Registers Triggering Further Register Optimizations
 11. General Register Statistics
 12. Registers Packed Into Inferred Megafunctions
 13. Source assignments for rom_256x16_im:u_INSTRUCTION_MEMORY|altsyncram:rom_rtl_0|altsyncram_ose1:auto_generated
 14. Parameter Settings for User Entity Instance: ram_256x16_dm:u_DATA_MEMORY
 15. Parameter Settings for User Entity Instance: rom_256x16_im:u_INSTRUCTION_MEMORY
 16. Parameter Settings for Inferred Entity Instance: rom_256x16_im:u_INSTRUCTION_MEMORY|altsyncram:rom_rtl_0
 17. altsyncram Parameter Settings by Entity Instance
 18. Port Connectivity Checks: "gp_processor_datapath:u_DATAPATH|alu_16bit:u_ALU|adder_16bit:u_ADDER"
 19. Port Connectivity Checks: "gp_processor_datapath:u_DATAPATH|register_file_16x16:u_REGISTER_FILE|register_16bit:u_REGISTER_15"
 20. Port Connectivity Checks: "gp_processor_datapath:u_DATAPATH|register_file_16x16:u_REGISTER_FILE|register_16bit:u_REGISTER_14"
 21. Port Connectivity Checks: "gp_processor_datapath:u_DATAPATH|register_file_16x16:u_REGISTER_FILE|register_16bit:u_REGISTER_13"
 22. Port Connectivity Checks: "gp_processor_datapath:u_DATAPATH|register_file_16x16:u_REGISTER_FILE|register_16bit:u_REGISTER_12"
 23. Port Connectivity Checks: "gp_processor_datapath:u_DATAPATH|register_file_16x16:u_REGISTER_FILE|register_16bit:u_REGISTER_11"
 24. Port Connectivity Checks: "gp_processor_datapath:u_DATAPATH|register_file_16x16:u_REGISTER_FILE|register_16bit:u_REGISTER_10"
 25. Port Connectivity Checks: "gp_processor_datapath:u_DATAPATH|register_file_16x16:u_REGISTER_FILE|register_16bit:u_REGISTER_9"
 26. Port Connectivity Checks: "gp_processor_datapath:u_DATAPATH|register_file_16x16:u_REGISTER_FILE|register_16bit:u_REGISTER_8"
 27. Port Connectivity Checks: "gp_processor_datapath:u_DATAPATH|register_file_16x16:u_REGISTER_FILE|register_16bit:u_REGISTER_7"
 28. Port Connectivity Checks: "gp_processor_datapath:u_DATAPATH|register_file_16x16:u_REGISTER_FILE|register_16bit:u_REGISTER_6"
 29. Port Connectivity Checks: "gp_processor_datapath:u_DATAPATH|register_file_16x16:u_REGISTER_FILE|register_16bit:u_REGISTER_5"
 30. Port Connectivity Checks: "gp_processor_datapath:u_DATAPATH|register_file_16x16:u_REGISTER_FILE|register_16bit:u_REGISTER_4"
 31. Port Connectivity Checks: "gp_processor_datapath:u_DATAPATH|register_file_16x16:u_REGISTER_FILE|register_16bit:u_REGISTER_3"
 32. Port Connectivity Checks: "gp_processor_datapath:u_DATAPATH|register_file_16x16:u_REGISTER_FILE|register_16bit:u_REGISTER_2"
 33. Port Connectivity Checks: "gp_processor_datapath:u_DATAPATH|register_file_16x16:u_REGISTER_FILE|register_16bit:u_REGISTER_1"
 34. Port Connectivity Checks: "gp_processor_datapath:u_DATAPATH|register_file_16x16:u_REGISTER_FILE|register_16bit:u_REGISTER_0"
 35. Port Connectivity Checks: "gp_processor_datapath:u_DATAPATH|mux_3x16bit:u_MUX"
 36. Port Connectivity Checks: "gp_processor_control:u_CONTROL|counter_8bit:u_PC_COUNTER|incrementer_8bit:u_INCREMENTER|adder_8bit:u_ADDER"
 37. Port Connectivity Checks: "gp_processor_control:u_CONTROL|counter_8bit:u_PC_COUNTER|incrementer_8bit:u_INCREMENTER"
 38. Port Connectivity Checks: "gp_processor_control:u_CONTROL|register_16bit:u_IR_REGISTER"
 39. Port Connectivity Checks: "gp_processor_control:u_CONTROL"
 40. Post-Synthesis Netlist Statistics for Top Partition
 41. Elapsed Time Per Partition
 42. Analysis & Synthesis Messages



----------------
; Legal Notice ;
----------------
Copyright (C) 2022  Intel Corporation. All rights reserved.
Your use of Intel Corporation's design tools, logic functions 
and other software and tools, and any partner logic 
functions, and any output files from any of the foregoing 
(including device programming or simulation files), and any 
associated documentation or information are expressly subject 
to the terms and conditions of the Intel Program License 
Subscription Agreement, the Intel Quartus Prime License Agreement,
the Intel FPGA IP License Agreement, or other applicable license
agreement, including, without limitation, that your use is for
the sole purpose of programming logic devices manufactured by
Intel and sold by Intel or its authorized distributors.  Please
refer to the applicable agreement for further details, at
https://fpgasoftware.intel.com/eula.



+-------------------------------------------------------------------------------+
; Analysis & Synthesis Summary                                                  ;
+---------------------------------+---------------------------------------------+
; Analysis & Synthesis Status     ; Successful - Tue Dec 13 21:46:40 2022       ;
; Quartus Prime Version           ; 21.1.1 Build 850 06/23/2022 SJ Lite Edition ;
; Revision Name                   ; gp_processor                                ;
; Top-level Entity Name           ; gp_processor                                ;
; Family                          ; Cyclone V                                   ;
; Logic utilization (in ALMs)     ; N/A                                         ;
; Total registers                 ; 0                                           ;
; Total pins                      ; 1                                           ;
; Total virtual pins              ; 0                                           ;
; Total block memory bits         ; 0                                           ;
; Total DSP Blocks                ; 0                                           ;
; Total HSSI RX PCSs              ; 0                                           ;
; Total HSSI PMA RX Deserializers ; 0                                           ;
; Total HSSI TX PCSs              ; 0                                           ;
; Total HSSI PMA TX Serializers   ; 0                                           ;
; Total PLLs                      ; 0                                           ;
; Total DLLs                      ; 0                                           ;
+---------------------------------+---------------------------------------------+


+---------------------------------------------------------------------------------------------------------------------------+
; Analysis & Synthesis Settings                                                                                             ;
+---------------------------------------------------------------------------------+--------------------+--------------------+
; Option                                                                          ; Setting            ; Default Value      ;
+---------------------------------------------------------------------------------+--------------------+--------------------+
; Device                                                                          ; 5CGXFC7C7F23C8     ;                    ;
; Top-level entity name                                                           ; gp_processor       ; gp_processor       ;
; Family name                                                                     ; Cyclone V          ; Cyclone V          ;
; Use smart compilation                                                           ; Off                ; Off                ;
; Enable parallel Assembler and Timing Analyzer during compilation                ; On                 ; On                 ;
; Enable compact report table                                                     ; Off                ; Off                ;
; Restructure Multiplexers                                                        ; Auto               ; Auto               ;
; MLAB Add Timing Constraints For Mixed-Port Feed-Through Mode Setting Don't Care ; Off                ; Off                ;
; Create Debugging Nodes for IP Cores                                             ; Off                ; Off                ;
; Preserve fewer node names                                                       ; On                 ; On                 ;
; Intel FPGA IP Evaluation Mode                                                   ; Enable             ; Enable             ;
; Verilog Version                                                                 ; Verilog_2001       ; Verilog_2001       ;
; VHDL Version                                                                    ; VHDL_1993          ; VHDL_1993          ;
; State Machine Processing                                                        ; Auto               ; Auto               ;
; Safe State Machine                                                              ; Off                ; Off                ;
; Extract Verilog State Machines                                                  ; On                 ; On                 ;
; Extract VHDL State Machines                                                     ; On                 ; On                 ;
; Ignore Verilog initial constructs                                               ; Off                ; Off                ;
; Iteration limit for constant Verilog loops                                      ; 5000               ; 5000               ;
; Iteration limit for non-constant Verilog loops                                  ; 250                ; 250                ;
; Add Pass-Through Logic to Inferred RAMs                                         ; On                 ; On                 ;
; Infer RAMs from Raw Logic                                                       ; On                 ; On                 ;
; Parallel Synthesis                                                              ; On                 ; On                 ;
; DSP Block Balancing                                                             ; Auto               ; Auto               ;
; NOT Gate Push-Back                                                              ; On                 ; On                 ;
; Power-Up Don't Care                                                             ; On                 ; On                 ;
; Remove Redundant Logic Cells                                                    ; Off                ; Off                ;
; Remove Duplicate Registers                                                      ; On                 ; On                 ;
; Ignore CARRY Buffers                                                            ; Off                ; Off                ;
; Ignore CASCADE Buffers                                                          ; Off                ; Off                ;
; Ignore GLOBAL Buffers                                                           ; Off                ; Off                ;
; Ignore ROW GLOBAL Buffers                                                       ; Off                ; Off                ;
; Ignore LCELL Buffers                                                            ; Off                ; Off                ;
; Ignore SOFT Buffers                                                             ; On                 ; On                 ;
; Limit AHDL Integers to 32 Bits                                                  ; Off                ; Off                ;
; Optimization Technique                                                          ; Balanced           ; Balanced           ;
; Carry Chain Length                                                              ; 70                 ; 70                 ;
; Auto Carry Chains                                                               ; On                 ; On                 ;
; Auto Open-Drain Pins                                                            ; On                 ; On                 ;
; Perform WYSIWYG Primitive Resynthesis                                           ; Off                ; Off                ;
; Auto ROM Replacement                                                            ; On                 ; On                 ;
; Auto RAM Replacement                                                            ; On                 ; On                 ;
; Auto DSP Block Replacement                                                      ; On                 ; On                 ;
; Auto Shift Register Replacement                                                 ; Auto               ; Auto               ;
; Allow Shift Register Merging across Hierarchies                                 ; Auto               ; Auto               ;
; Auto Clock Enable Replacement                                                   ; On                 ; On                 ;
; Strict RAM Replacement                                                          ; Off                ; Off                ;
; Allow Synchronous Control Signals                                               ; On                 ; On                 ;
; Force Use of Synchronous Clear Signals                                          ; Off                ; Off                ;
; Auto Resource Sharing                                                           ; Off                ; Off                ;
; Allow Any RAM Size For Recognition                                              ; Off                ; Off                ;
; Allow Any ROM Size For Recognition                                              ; Off                ; Off                ;
; Allow Any Shift Register Size For Recognition                                   ; Off                ; Off                ;
; Use LogicLock Constraints during Resource Balancing                             ; On                 ; On                 ;
; Ignore translate_off and synthesis_off directives                               ; Off                ; Off                ;
; Timing-Driven Synthesis                                                         ; On                 ; On                 ;
; Report Parameter Settings                                                       ; On                 ; On                 ;
; Report Source Assignments                                                       ; On                 ; On                 ;
; Report Connectivity Checks                                                      ; On                 ; On                 ;
; Ignore Maximum Fan-Out Assignments                                              ; Off                ; Off                ;
; Synchronization Register Chain Length                                           ; 3                  ; 3                  ;
; Power Optimization During Synthesis                                             ; Normal compilation ; Normal compilation ;
; HDL message level                                                               ; Level2             ; Level2             ;
; Suppress Register Optimization Related Messages                                 ; Off                ; Off                ;
; Number of Removed Registers Reported in Synthesis Report                        ; 5000               ; 5000               ;
; Number of Swept Nodes Reported in Synthesis Report                              ; 5000               ; 5000               ;
; Number of Inverted Registers Reported in Synthesis Report                       ; 100                ; 100                ;
; Clock MUX Protection                                                            ; On                 ; On                 ;
; Auto Gated Clock Conversion                                                     ; Off                ; Off                ;
; Block Design Naming                                                             ; Auto               ; Auto               ;
; SDC constraint protection                                                       ; Off                ; Off                ;
; Synthesis Effort                                                                ; Auto               ; Auto               ;
; Shift Register Replacement - Allow Asynchronous Clear Signal                    ; On                 ; On                 ;
; Pre-Mapping Resynthesis Optimization                                            ; Off                ; Off                ;
; Analysis & Synthesis Message Level                                              ; Medium             ; Medium             ;
; Disable Register Merging Across Hierarchies                                     ; Auto               ; Auto               ;
; Resource Aware Inference For Block RAM                                          ; On                 ; On                 ;
; Automatic Parallel Synthesis                                                    ; On                 ; On                 ;
; Partial Reconfiguration Bitstream ID                                            ; Off                ; Off                ;
+---------------------------------------------------------------------------------+--------------------+--------------------+


+------------------------------------------+
; Parallel Compilation                     ;
+----------------------------+-------------+
; Processors                 ; Number      ;
+----------------------------+-------------+
; Number detected on machine ; 12          ;
; Maximum allowed            ; 6           ;
;                            ;             ;
; Average used               ; 1.00        ;
; Maximum used               ; 1           ;
;                            ;             ;
; Usage by Processor         ; % Time Used ;
;     Processor 1            ; 100.0%      ;
+----------------------------+-------------+


+-----------------------------------------------------------------------------------------------------------------------------------------------------------------------------------------------------------------------------+
; Analysis & Synthesis Source Files Read                                                                                                                                                                                      ;
+-----------------------------------------------------+-----------------+-------------------------------------------------------+-----------------------------------------------------------------------------------+---------+
; File Name with User-Entered Path                    ; Used in Netlist ; File Type                                             ; File Name with Absolute Path                                                      ; Library ;
+-----------------------------------------------------+-----------------+-------------------------------------------------------+-----------------------------------------------------------------------------------+---------+
; gp_processor_control.vhd                            ; yes             ; User VHDL File                                        ; C:/Users/Gustavo/Desktop/T2M3/gp_processor_control.vhd                            ;         ;
; gp_processor_datapath.vhd                           ; yes             ; User VHDL File                                        ; C:/Users/Gustavo/Desktop/T2M3/gp_processor_datapath.vhd                           ;         ;
; components/mux_3x16bit.vhd                          ; yes             ; User VHDL File                                        ; C:/Users/Gustavo/Desktop/T2M3/components/mux_3x16bit.vhd                          ;         ;
; components/register_file_16x16.vhd                  ; yes             ; User VHDL File                                        ; C:/Users/Gustavo/Desktop/T2M3/components/register_file_16x16.vhd                  ;         ;
; components/register_16bit.vhd                       ; yes             ; User VHDL File                                        ; C:/Users/Gustavo/Desktop/T2M3/components/register_16bit.vhd                       ;         ;
; components/decodifier_16bit.vhd                     ; yes             ; User VHDL File                                        ; C:/Users/Gustavo/Desktop/T2M3/components/decodifier_16bit.vhd                     ;         ;
; components/mux_16x16bit.vhd                         ; yes             ; User VHDL File                                        ; C:/Users/Gustavo/Desktop/T2M3/components/mux_16x16bit.vhd                         ;         ;
; components/full_adder_1bit.vhd                      ; yes             ; User VHDL File                                        ; C:/Users/Gustavo/Desktop/T2M3/components/full_adder_1bit.vhd                      ;         ;
; components/adder_16bit.vhd                          ; yes             ; User VHDL File                                        ; C:/Users/Gustavo/Desktop/T2M3/components/adder_16bit.vhd                          ;         ;
; gp_processor_controller.vhd                         ; yes             ; User VHDL File                                        ; C:/Users/Gustavo/Desktop/T2M3/gp_processor_controller.vhd                         ;         ;
; components/mux_2x16bit.vhd                          ; yes             ; User VHDL File                                        ; C:/Users/Gustavo/Desktop/T2M3/components/mux_2x16bit.vhd                          ;         ;
; gp_processor.vhd                                    ; yes             ; User VHDL File                                        ; C:/Users/Gustavo/Desktop/T2M3/gp_processor.vhd                                    ;         ;
; components/counter_8bit.vhd                         ; yes             ; User VHDL File                                        ; C:/Users/Gustavo/Desktop/T2M3/components/counter_8bit.vhd                         ;         ;
; components/register_8bit.vhd                        ; yes             ; User VHDL File                                        ; C:/Users/Gustavo/Desktop/T2M3/components/register_8bit.vhd                        ;         ;
; components/incrementer_8bit.vhd                     ; yes             ; User VHDL File                                        ; C:/Users/Gustavo/Desktop/T2M3/components/incrementer_8bit.vhd                     ;         ;
; components/adder_8bit.vhd                           ; yes             ; User VHDL File                                        ; C:/Users/Gustavo/Desktop/T2M3/components/adder_8bit.vhd                           ;         ;
; components/alu_16bit.vhd                            ; yes             ; User VHDL File                                        ; C:/Users/Gustavo/Desktop/T2M3/components/alu_16bit.vhd                            ;         ;
; components/rom_256x16_im.vhd                        ; yes             ; User VHDL File                                        ; C:/Users/Gustavo/Desktop/T2M3/components/rom_256x16_im.vhd                        ;         ;
; components/ram_256x16_dm.vhd                        ; yes             ; User VHDL File                                        ; C:/Users/Gustavo/Desktop/T2M3/components/ram_256x16_dm.vhd                        ;         ;
; altsyncram.tdf                                      ; yes             ; Megafunction                                          ; e:/intelfpga_lite/21.1/quartus/libraries/megafunctions/altsyncram.tdf             ;         ;
; stratix_ram_block.inc                               ; yes             ; Megafunction                                          ; e:/intelfpga_lite/21.1/quartus/libraries/megafunctions/stratix_ram_block.inc      ;         ;
; lpm_mux.inc                                         ; yes             ; Megafunction                                          ; e:/intelfpga_lite/21.1/quartus/libraries/megafunctions/lpm_mux.inc                ;         ;
; lpm_decode.inc                                      ; yes             ; Megafunction                                          ; e:/intelfpga_lite/21.1/quartus/libraries/megafunctions/lpm_decode.inc             ;         ;
; aglobal211.inc                                      ; yes             ; Megafunction                                          ; e:/intelfpga_lite/21.1/quartus/libraries/megafunctions/aglobal211.inc             ;         ;
; a_rdenreg.inc                                       ; yes             ; Megafunction                                          ; e:/intelfpga_lite/21.1/quartus/libraries/megafunctions/a_rdenreg.inc              ;         ;
; altrom.inc                                          ; yes             ; Megafunction                                          ; e:/intelfpga_lite/21.1/quartus/libraries/megafunctions/altrom.inc                 ;         ;
; altram.inc                                          ; yes             ; Megafunction                                          ; e:/intelfpga_lite/21.1/quartus/libraries/megafunctions/altram.inc                 ;         ;
; altdpram.inc                                        ; yes             ; Megafunction                                          ; e:/intelfpga_lite/21.1/quartus/libraries/megafunctions/altdpram.inc               ;         ;
; db/altsyncram_ose1.tdf                              ; yes             ; Auto-Generated Megafunction                           ; C:/Users/Gustavo/Desktop/T2M3/db/altsyncram_ose1.tdf                              ;         ;
; db/gp_processor.ram0_rom_256x16_im_45d83a4c.hdl.mif ; yes             ; Auto-Generated Auto-Found Memory Initialization File  ; C:/Users/Gustavo/Desktop/T2M3/db/gp_processor.ram0_rom_256x16_im_45d83a4c.hdl.mif ;         ;
+-----------------------------------------------------+-----------------+-------------------------------------------------------+-----------------------------------------------------------------------------------+---------+


+-----------------------------------------------------+
; Analysis & Synthesis Resource Usage Summary         ;
+---------------------------------------------+-------+
; Resource                                    ; Usage ;
+---------------------------------------------+-------+
; Estimate of Logic utilization (ALMs needed) ; 0     ;
;                                             ;       ;
; Combinational ALUT usage for logic          ; 0     ;
;     -- 7 input functions                    ; 0     ;
;     -- 6 input functions                    ; 0     ;
;     -- 5 input functions                    ; 0     ;
;     -- 4 input functions                    ; 0     ;
;     -- <=3 input functions                  ; 0     ;
;                                             ;       ;
; Dedicated logic registers                   ; 0     ;
;                                             ;       ;
; I/O pins                                    ; 1     ;
;                                             ;       ;
; Total DSP Blocks                            ; 0     ;
;                                             ;       ;
; Maximum fan-out node                        ; i_CLK ;
; Maximum fan-out                             ; 1     ;
; Total fan-out                               ; 1     ;
; Average fan-out                             ; 0.50  ;
+---------------------------------------------+-------+


+-----------------------------------------------------------------------------------------------------------------------------------------------------------------------------------------+
; Analysis & Synthesis Resource Utilization by Entity                                                                                                                                     ;
+----------------------------+---------------------+---------------------------+-------------------+------------+------+--------------+---------------------+--------------+--------------+
; Compilation Hierarchy Node ; Combinational ALUTs ; Dedicated Logic Registers ; Block Memory Bits ; DSP Blocks ; Pins ; Virtual Pins ; Full Hierarchy Name ; Entity Name  ; Library Name ;
+----------------------------+---------------------+---------------------------+-------------------+------------+------+--------------+---------------------+--------------+--------------+
; |gp_processor              ; 0 (0)               ; 0 (0)                     ; 0                 ; 0          ; 1    ; 0            ; |gp_processor       ; gp_processor ; work         ;
+----------------------------+---------------------+---------------------------+-------------------+------------+------+--------------+---------------------+--------------+--------------+
Note: For table entries with two numbers listed, the numbers in parentheses indicate the number of resources of the given type used by the specific entity alone. The numbers listed outside of parentheses indicate the total resources of the given type used by the specific entity and all of its sub-entities in the hierarchy.


Encoding Type:  One-Hot
+-----------------------------------------------------------------------------------------------------------+
; State Machine - |gp_processor|gp_processor_control:u_CONTROL|gp_processor_controller:u_CONTROLLER|r_STATE ;
+------------+------------+------------+------------+------------+------------+------------+----------------+
; Name       ; r_STATE.s6 ; r_STATE.s5 ; r_STATE.s4 ; r_STATE.s3 ; r_STATE.s2 ; r_STATE.s1 ; r_STATE.s0     ;
+------------+------------+------------+------------+------------+------------+------------+----------------+
; r_STATE.s0 ; 0          ; 0          ; 0          ; 0          ; 0          ; 0          ; 0              ;
; r_STATE.s1 ; 0          ; 0          ; 0          ; 0          ; 0          ; 1          ; 1              ;
; r_STATE.s2 ; 0          ; 0          ; 0          ; 0          ; 1          ; 0          ; 1              ;
; r_STATE.s3 ; 0          ; 0          ; 0          ; 1          ; 0          ; 0          ; 1              ;
; r_STATE.s4 ; 0          ; 0          ; 1          ; 0          ; 0          ; 0          ; 1              ;
; r_STATE.s5 ; 0          ; 1          ; 0          ; 0          ; 0          ; 0          ; 1              ;
; r_STATE.s6 ; 1          ; 0          ; 0          ; 0          ; 0          ; 0          ; 1              ;
+------------+------------+------------+------------+------------+------------+------------+----------------+


+------------------------------------------------------------------------------------------------------------------------+
; Registers Removed During Synthesis                                                                                     ;
+---------------------------------------------------------------------------------------------------+--------------------+
; Register name                                                                                     ; Reason for Removal ;
+---------------------------------------------------------------------------------------------------+--------------------+
; gp_processor_control:u_CONTROL|gp_processor_controller:u_CONTROLLER|r_STATE.s3                    ; Lost fanout        ;
; gp_processor_control:u_CONTROL|gp_processor_controller:u_CONTROLLER|r_STATE.s4                    ; Lost fanout        ;
; gp_processor_control:u_CONTROL|gp_processor_controller:u_CONTROLLER|r_STATE.s5                    ; Lost fanout        ;
; gp_processor_control:u_CONTROL|gp_processor_controller:u_CONTROLLER|r_STATE.s6                    ; Lost fanout        ;
; gp_processor_control:u_CONTROL|counter_8bit:u_PC_COUNTER|register_8bit:u_COUNT_REGISTER|o_R[0..7] ; Lost fanout        ;
; gp_processor_control:u_CONTROL|gp_processor_controller:u_CONTROLLER|r_STATE.s1                    ; Lost fanout        ;
; gp_processor_control:u_CONTROL|gp_processor_controller:u_CONTROLLER|r_STATE.s0                    ; Lost fanout        ;
; gp_processor_control:u_CONTROL|gp_processor_controller:u_CONTROLLER|r_STATE.s2                    ; Lost fanout        ;
; Total Number of Removed Registers = 15                                                            ;                    ;
+---------------------------------------------------------------------------------------------------+--------------------+


+-------------------------------------------------------------------------------------------------------------------------------------------------------------------------------------------------------+
; Removed Registers Triggering Further Register Optimizations                                                                                                                                           ;
+--------------------------------------------------------------------------------+--------------------+-------------------------------------------------------------------------------------------------+
; Register name                                                                  ; Reason for Removal ; Registers Removed due to This Register                                                          ;
+--------------------------------------------------------------------------------+--------------------+-------------------------------------------------------------------------------------------------+
; gp_processor_control:u_CONTROL|gp_processor_controller:u_CONTROLLER|r_STATE.s3 ; Lost Fanouts       ; gp_processor_control:u_CONTROL|counter_8bit:u_PC_COUNTER|register_8bit:u_COUNT_REGISTER|o_R[0], ;
;                                                                                ;                    ; gp_processor_control:u_CONTROL|counter_8bit:u_PC_COUNTER|register_8bit:u_COUNT_REGISTER|o_R[1], ;
;                                                                                ;                    ; gp_processor_control:u_CONTROL|counter_8bit:u_PC_COUNTER|register_8bit:u_COUNT_REGISTER|o_R[2], ;
;                                                                                ;                    ; gp_processor_control:u_CONTROL|counter_8bit:u_PC_COUNTER|register_8bit:u_COUNT_REGISTER|o_R[3], ;
;                                                                                ;                    ; gp_processor_control:u_CONTROL|gp_processor_controller:u_CONTROLLER|r_STATE.s1,                 ;
;                                                                                ;                    ; gp_processor_control:u_CONTROL|gp_processor_controller:u_CONTROLLER|r_STATE.s0,                 ;
;                                                                                ;                    ; gp_processor_control:u_CONTROL|gp_processor_controller:u_CONTROLLER|r_STATE.s2                  ;
+--------------------------------------------------------------------------------+--------------------+-------------------------------------------------------------------------------------------------+


+------------------------------------------------------+
; General Register Statistics                          ;
+----------------------------------------------+-------+
; Statistic                                    ; Value ;
+----------------------------------------------+-------+
; Total registers                              ; 0     ;
; Number of registers using Synchronous Clear  ; 0     ;
; Number of registers using Synchronous Load   ; 0     ;
; Number of registers using Asynchronous Clear ; 0     ;
; Number of registers using Asynchronous Load  ; 0     ;
; Number of registers using Clock Enable       ; 0     ;
; Number of registers using Preset             ; 0     ;
+----------------------------------------------+-------+


+-------------------------------------------------------------------------------------------------------------------------------+
; Registers Packed Into Inferred Megafunctions                                                                                  ;
+-------------------------------------------------------------------------+----------------------------------------------+------+
; Register Name                                                           ; Megafunction                                 ; Type ;
+-------------------------------------------------------------------------+----------------------------------------------+------+
; gp_processor_control:u_CONTROL|register_16bit:u_IR_REGISTER|o_R[12..15] ; rom_256x16_im:u_INSTRUCTION_MEMORY|rom_rtl_0 ; RAM  ;
+-------------------------------------------------------------------------+----------------------------------------------+------+


+---------------------------------------------------------------------------------------------------------------+
; Source assignments for rom_256x16_im:u_INSTRUCTION_MEMORY|altsyncram:rom_rtl_0|altsyncram_ose1:auto_generated ;
+---------------------------------+--------------------+------+-------------------------------------------------+
; Assignment                      ; Value              ; From ; To                                              ;
+---------------------------------+--------------------+------+-------------------------------------------------+
; OPTIMIZE_POWER_DURING_SYNTHESIS ; NORMAL_COMPILATION ; -    ; -                                               ;
+---------------------------------+--------------------+------+-------------------------------------------------+


+--------------------------------------------------------------------------+
; Parameter Settings for User Entity Instance: ram_256x16_dm:u_DATA_MEMORY ;
+----------------+-------+-------------------------------------------------+
; Parameter Name ; Value ; Type                                            ;
+----------------+-------+-------------------------------------------------+
; word_width     ; 16    ; Signed Integer                                  ;
; address_width  ; 8     ; Signed Integer                                  ;
+----------------+-------+-------------------------------------------------+
Note: In order to hide this table in the UI and the text report file, please set the "Show Parameter Settings in Synthesis Report" option in "Analysis and Synthesis Settings -> More Settings" to "Off".


+---------------------------------------------------------------------------------+
; Parameter Settings for User Entity Instance: rom_256x16_im:u_INSTRUCTION_MEMORY ;
+----------------+-------+--------------------------------------------------------+
; Parameter Name ; Value ; Type                                                   ;
+----------------+-------+--------------------------------------------------------+
; data_width     ; 16    ; Signed Integer                                         ;
; address_width  ; 8     ; Signed Integer                                         ;
+----------------+-------+--------------------------------------------------------+
Note: In order to hide this table in the UI and the text report file, please set the "Show Parameter Settings in Synthesis Report" option in "Analysis and Synthesis Settings -> More Settings" to "Off".


+-----------------------------------------------------------------------------------------------------------+
; Parameter Settings for Inferred Entity Instance: rom_256x16_im:u_INSTRUCTION_MEMORY|altsyncram:rom_rtl_0  ;
+------------------------------------+-----------------------------------------------------+----------------+
; Parameter Name                     ; Value                                               ; Type           ;
+------------------------------------+-----------------------------------------------------+----------------+
; BYTE_SIZE_BLOCK                    ; 8                                                   ; Untyped        ;
; AUTO_CARRY_CHAINS                  ; ON                                                  ; AUTO_CARRY     ;
; IGNORE_CARRY_BUFFERS               ; OFF                                                 ; IGNORE_CARRY   ;
; AUTO_CASCADE_CHAINS                ; ON                                                  ; AUTO_CASCADE   ;
; IGNORE_CASCADE_BUFFERS             ; OFF                                                 ; IGNORE_CASCADE ;
; WIDTH_BYTEENA                      ; 1                                                   ; Untyped        ;
; OPERATION_MODE                     ; ROM                                                 ; Untyped        ;
; WIDTH_A                            ; 16                                                  ; Untyped        ;
; WIDTHAD_A                          ; 8                                                   ; Untyped        ;
; NUMWORDS_A                         ; 256                                                 ; Untyped        ;
; OUTDATA_REG_A                      ; UNREGISTERED                                        ; Untyped        ;
; ADDRESS_ACLR_A                     ; NONE                                                ; Untyped        ;
; OUTDATA_ACLR_A                     ; NONE                                                ; Untyped        ;
; WRCONTROL_ACLR_A                   ; NONE                                                ; Untyped        ;
; INDATA_ACLR_A                      ; NONE                                                ; Untyped        ;
; BYTEENA_ACLR_A                     ; NONE                                                ; Untyped        ;
; WIDTH_B                            ; 1                                                   ; Untyped        ;
; WIDTHAD_B                          ; 1                                                   ; Untyped        ;
; NUMWORDS_B                         ; 1                                                   ; Untyped        ;
; INDATA_REG_B                       ; CLOCK1                                              ; Untyped        ;
; WRCONTROL_WRADDRESS_REG_B          ; CLOCK1                                              ; Untyped        ;
; RDCONTROL_REG_B                    ; CLOCK1                                              ; Untyped        ;
; ADDRESS_REG_B                      ; CLOCK1                                              ; Untyped        ;
; OUTDATA_REG_B                      ; UNREGISTERED                                        ; Untyped        ;
; BYTEENA_REG_B                      ; CLOCK1                                              ; Untyped        ;
; INDATA_ACLR_B                      ; NONE                                                ; Untyped        ;
; WRCONTROL_ACLR_B                   ; NONE                                                ; Untyped        ;
; ADDRESS_ACLR_B                     ; NONE                                                ; Untyped        ;
; OUTDATA_ACLR_B                     ; NONE                                                ; Untyped        ;
; RDCONTROL_ACLR_B                   ; NONE                                                ; Untyped        ;
; BYTEENA_ACLR_B                     ; NONE                                                ; Untyped        ;
; WIDTH_BYTEENA_A                    ; 1                                                   ; Untyped        ;
; WIDTH_BYTEENA_B                    ; 1                                                   ; Untyped        ;
; RAM_BLOCK_TYPE                     ; AUTO                                                ; Untyped        ;
; BYTE_SIZE                          ; 8                                                   ; Untyped        ;
; READ_DURING_WRITE_MODE_MIXED_PORTS ; DONT_CARE                                           ; Untyped        ;
; READ_DURING_WRITE_MODE_PORT_A      ; NEW_DATA_NO_NBE_READ                                ; Untyped        ;
; READ_DURING_WRITE_MODE_PORT_B      ; NEW_DATA_NO_NBE_READ                                ; Untyped        ;
; INIT_FILE                          ; db/gp_processor.ram0_rom_256x16_im_45d83a4c.hdl.mif ; Untyped        ;
; INIT_FILE_LAYOUT                   ; PORT_A                                              ; Untyped        ;
; MAXIMUM_DEPTH                      ; 0                                                   ; Untyped        ;
; CLOCK_ENABLE_INPUT_A               ; NORMAL                                              ; Untyped        ;
; CLOCK_ENABLE_INPUT_B               ; NORMAL                                              ; Untyped        ;
; CLOCK_ENABLE_OUTPUT_A              ; NORMAL                                              ; Untyped        ;
; CLOCK_ENABLE_OUTPUT_B              ; NORMAL                                              ; Untyped        ;
; CLOCK_ENABLE_CORE_A                ; USE_INPUT_CLKEN                                     ; Untyped        ;
; CLOCK_ENABLE_CORE_B                ; USE_INPUT_CLKEN                                     ; Untyped        ;
; ENABLE_ECC                         ; FALSE                                               ; Untyped        ;
; ECC_PIPELINE_STAGE_ENABLED         ; FALSE                                               ; Untyped        ;
; WIDTH_ECCSTATUS                    ; 3                                                   ; Untyped        ;
; DEVICE_FAMILY                      ; Cyclone V                                           ; Untyped        ;
; CBXI_PARAMETER                     ; altsyncram_ose1                                     ; Untyped        ;
+------------------------------------+-----------------------------------------------------+----------------+
Note: In order to hide this table in the UI and the text report file, please set the "Show Parameter Settings in Synthesis Report" option in "Analysis and Synthesis Settings -> More Settings" to "Off".


+-----------------------------------------------------------------------------------------------------+
; altsyncram Parameter Settings by Entity Instance                                                    ;
+-------------------------------------------+---------------------------------------------------------+
; Name                                      ; Value                                                   ;
+-------------------------------------------+---------------------------------------------------------+
; Number of entity instances                ; 1                                                       ;
; Entity Instance                           ; rom_256x16_im:u_INSTRUCTION_MEMORY|altsyncram:rom_rtl_0 ;
;     -- OPERATION_MODE                     ; ROM                                                     ;
;     -- WIDTH_A                            ; 16                                                      ;
;     -- NUMWORDS_A                         ; 256                                                     ;
;     -- OUTDATA_REG_A                      ; UNREGISTERED                                            ;
;     -- WIDTH_B                            ; 1                                                       ;
;     -- NUMWORDS_B                         ; 1                                                       ;
;     -- ADDRESS_REG_B                      ; CLOCK1                                                  ;
;     -- OUTDATA_REG_B                      ; UNREGISTERED                                            ;
;     -- RAM_BLOCK_TYPE                     ; AUTO                                                    ;
;     -- READ_DURING_WRITE_MODE_MIXED_PORTS ; DONT_CARE                                               ;
+-------------------------------------------+---------------------------------------------------------+


+-----------------------------------------------------------------------------------------------------------------------+
; Port Connectivity Checks: "gp_processor_datapath:u_DATAPATH|alu_16bit:u_ALU|adder_16bit:u_ADDER"                      ;
+-------------+--------+----------+-------------------------------------------------------------------------------------+
; Port        ; Type   ; Severity ; Details                                                                             ;
+-------------+--------+----------+-------------------------------------------------------------------------------------+
; i_carry_in  ; Input  ; Info     ; Stuck at GND                                                                        ;
; o_carry_out ; Output ; Info     ; Connected to dangling logic. Logic that only feeds a dangling port will be removed. ;
+-------------+--------+----------+-------------------------------------------------------------------------------------+


+-------------------------------------------------------------------------------------------------------------------------------+
; Port Connectivity Checks: "gp_processor_datapath:u_DATAPATH|register_file_16x16:u_REGISTER_FILE|register_16bit:u_REGISTER_15" ;
+---------+-------+----------+--------------------------------------------------------------------------------------------------+
; Port    ; Type  ; Severity ; Details                                                                                          ;
+---------+-------+----------+--------------------------------------------------------------------------------------------------+
; i_clr_n ; Input ; Info     ; Stuck at VCC                                                                                     ;
+---------+-------+----------+--------------------------------------------------------------------------------------------------+


+-------------------------------------------------------------------------------------------------------------------------------+
; Port Connectivity Checks: "gp_processor_datapath:u_DATAPATH|register_file_16x16:u_REGISTER_FILE|register_16bit:u_REGISTER_14" ;
+---------+-------+----------+--------------------------------------------------------------------------------------------------+
; Port    ; Type  ; Severity ; Details                                                                                          ;
+---------+-------+----------+--------------------------------------------------------------------------------------------------+
; i_clr_n ; Input ; Info     ; Stuck at VCC                                                                                     ;
+---------+-------+----------+--------------------------------------------------------------------------------------------------+


+-------------------------------------------------------------------------------------------------------------------------------+
; Port Connectivity Checks: "gp_processor_datapath:u_DATAPATH|register_file_16x16:u_REGISTER_FILE|register_16bit:u_REGISTER_13" ;
+---------+-------+----------+--------------------------------------------------------------------------------------------------+
; Port    ; Type  ; Severity ; Details                                                                                          ;
+---------+-------+----------+--------------------------------------------------------------------------------------------------+
; i_clr_n ; Input ; Info     ; Stuck at VCC                                                                                     ;
+---------+-------+----------+--------------------------------------------------------------------------------------------------+


+-------------------------------------------------------------------------------------------------------------------------------+
; Port Connectivity Checks: "gp_processor_datapath:u_DATAPATH|register_file_16x16:u_REGISTER_FILE|register_16bit:u_REGISTER_12" ;
+---------+-------+----------+--------------------------------------------------------------------------------------------------+
; Port    ; Type  ; Severity ; Details                                                                                          ;
+---------+-------+----------+--------------------------------------------------------------------------------------------------+
; i_clr_n ; Input ; Info     ; Stuck at VCC                                                                                     ;
+---------+-------+----------+--------------------------------------------------------------------------------------------------+


+-------------------------------------------------------------------------------------------------------------------------------+
; Port Connectivity Checks: "gp_processor_datapath:u_DATAPATH|register_file_16x16:u_REGISTER_FILE|register_16bit:u_REGISTER_11" ;
+---------+-------+----------+--------------------------------------------------------------------------------------------------+
; Port    ; Type  ; Severity ; Details                                                                                          ;
+---------+-------+----------+--------------------------------------------------------------------------------------------------+
; i_clr_n ; Input ; Info     ; Stuck at VCC                                                                                     ;
+---------+-------+----------+--------------------------------------------------------------------------------------------------+


+-------------------------------------------------------------------------------------------------------------------------------+
; Port Connectivity Checks: "gp_processor_datapath:u_DATAPATH|register_file_16x16:u_REGISTER_FILE|register_16bit:u_REGISTER_10" ;
+---------+-------+----------+--------------------------------------------------------------------------------------------------+
; Port    ; Type  ; Severity ; Details                                                                                          ;
+---------+-------+----------+--------------------------------------------------------------------------------------------------+
; i_clr_n ; Input ; Info     ; Stuck at VCC                                                                                     ;
+---------+-------+----------+--------------------------------------------------------------------------------------------------+


+------------------------------------------------------------------------------------------------------------------------------+
; Port Connectivity Checks: "gp_processor_datapath:u_DATAPATH|register_file_16x16:u_REGISTER_FILE|register_16bit:u_REGISTER_9" ;
+---------+-------+----------+-------------------------------------------------------------------------------------------------+
; Port    ; Type  ; Severity ; Details                                                                                         ;
+---------+-------+----------+-------------------------------------------------------------------------------------------------+
; i_clr_n ; Input ; Info     ; Stuck at VCC                                                                                    ;
+---------+-------+----------+-------------------------------------------------------------------------------------------------+


+------------------------------------------------------------------------------------------------------------------------------+
; Port Connectivity Checks: "gp_processor_datapath:u_DATAPATH|register_file_16x16:u_REGISTER_FILE|register_16bit:u_REGISTER_8" ;
+---------+-------+----------+-------------------------------------------------------------------------------------------------+
; Port    ; Type  ; Severity ; Details                                                                                         ;
+---------+-------+----------+-------------------------------------------------------------------------------------------------+
; i_clr_n ; Input ; Info     ; Stuck at VCC                                                                                    ;
+---------+-------+----------+-------------------------------------------------------------------------------------------------+


+------------------------------------------------------------------------------------------------------------------------------+
; Port Connectivity Checks: "gp_processor_datapath:u_DATAPATH|register_file_16x16:u_REGISTER_FILE|register_16bit:u_REGISTER_7" ;
+---------+-------+----------+-------------------------------------------------------------------------------------------------+
; Port    ; Type  ; Severity ; Details                                                                                         ;
+---------+-------+----------+-------------------------------------------------------------------------------------------------+
; i_clr_n ; Input ; Info     ; Stuck at VCC                                                                                    ;
+---------+-------+----------+-------------------------------------------------------------------------------------------------+


+------------------------------------------------------------------------------------------------------------------------------+
; Port Connectivity Checks: "gp_processor_datapath:u_DATAPATH|register_file_16x16:u_REGISTER_FILE|register_16bit:u_REGISTER_6" ;
+---------+-------+----------+-------------------------------------------------------------------------------------------------+
; Port    ; Type  ; Severity ; Details                                                                                         ;
+---------+-------+----------+-------------------------------------------------------------------------------------------------+
; i_clr_n ; Input ; Info     ; Stuck at VCC                                                                                    ;
+---------+-------+----------+-------------------------------------------------------------------------------------------------+


+------------------------------------------------------------------------------------------------------------------------------+
; Port Connectivity Checks: "gp_processor_datapath:u_DATAPATH|register_file_16x16:u_REGISTER_FILE|register_16bit:u_REGISTER_5" ;
+---------+-------+----------+-------------------------------------------------------------------------------------------------+
; Port    ; Type  ; Severity ; Details                                                                                         ;
+---------+-------+----------+-------------------------------------------------------------------------------------------------+
; i_clr_n ; Input ; Info     ; Stuck at VCC                                                                                    ;
+---------+-------+----------+-------------------------------------------------------------------------------------------------+


+------------------------------------------------------------------------------------------------------------------------------+
; Port Connectivity Checks: "gp_processor_datapath:u_DATAPATH|register_file_16x16:u_REGISTER_FILE|register_16bit:u_REGISTER_4" ;
+---------+-------+----------+-------------------------------------------------------------------------------------------------+
; Port    ; Type  ; Severity ; Details                                                                                         ;
+---------+-------+----------+-------------------------------------------------------------------------------------------------+
; i_clr_n ; Input ; Info     ; Stuck at VCC                                                                                    ;
+---------+-------+----------+-------------------------------------------------------------------------------------------------+


+------------------------------------------------------------------------------------------------------------------------------+
; Port Connectivity Checks: "gp_processor_datapath:u_DATAPATH|register_file_16x16:u_REGISTER_FILE|register_16bit:u_REGISTER_3" ;
+---------+-------+----------+-------------------------------------------------------------------------------------------------+
; Port    ; Type  ; Severity ; Details                                                                                         ;
+---------+-------+----------+-------------------------------------------------------------------------------------------------+
; i_clr_n ; Input ; Info     ; Stuck at VCC                                                                                    ;
+---------+-------+----------+-------------------------------------------------------------------------------------------------+


+------------------------------------------------------------------------------------------------------------------------------+
; Port Connectivity Checks: "gp_processor_datapath:u_DATAPATH|register_file_16x16:u_REGISTER_FILE|register_16bit:u_REGISTER_2" ;
+---------+-------+----------+-------------------------------------------------------------------------------------------------+
; Port    ; Type  ; Severity ; Details                                                                                         ;
+---------+-------+----------+-------------------------------------------------------------------------------------------------+
; i_clr_n ; Input ; Info     ; Stuck at VCC                                                                                    ;
+---------+-------+----------+-------------------------------------------------------------------------------------------------+


+------------------------------------------------------------------------------------------------------------------------------+
; Port Connectivity Checks: "gp_processor_datapath:u_DATAPATH|register_file_16x16:u_REGISTER_FILE|register_16bit:u_REGISTER_1" ;
+---------+-------+----------+-------------------------------------------------------------------------------------------------+
; Port    ; Type  ; Severity ; Details                                                                                         ;
+---------+-------+----------+-------------------------------------------------------------------------------------------------+
; i_clr_n ; Input ; Info     ; Stuck at VCC                                                                                    ;
+---------+-------+----------+-------------------------------------------------------------------------------------------------+


+------------------------------------------------------------------------------------------------------------------------------+
; Port Connectivity Checks: "gp_processor_datapath:u_DATAPATH|register_file_16x16:u_REGISTER_FILE|register_16bit:u_REGISTER_0" ;
+---------+-------+----------+-------------------------------------------------------------------------------------------------+
; Port    ; Type  ; Severity ; Details                                                                                         ;
+---------+-------+----------+-------------------------------------------------------------------------------------------------+
; i_clr_n ; Input ; Info     ; Stuck at VCC                                                                                    ;
+---------+-------+----------+-------------------------------------------------------------------------------------------------+


+--------------------------------------------------------------------------------+
; Port Connectivity Checks: "gp_processor_datapath:u_DATAPATH|mux_3x16bit:u_MUX" ;
+------------+-------+----------+------------------------------------------------+
; Port       ; Type  ; Severity ; Details                                        ;
+------------+-------+----------+------------------------------------------------+
; i_c[15..8] ; Input ; Info     ; Stuck at GND                                   ;
+------------+-------+----------+------------------------------------------------+


+----------------------------------------------------------------------------------------------------------------------------------------+
; Port Connectivity Checks: "gp_processor_control:u_CONTROL|counter_8bit:u_PC_COUNTER|incrementer_8bit:u_INCREMENTER|adder_8bit:u_ADDER" ;
+------------+-------+----------+--------------------------------------------------------------------------------------------------------+
; Port       ; Type  ; Severity ; Details                                                                                                ;
+------------+-------+----------+--------------------------------------------------------------------------------------------------------+
; i_b[7..1]  ; Input ; Info     ; Stuck at GND                                                                                           ;
; i_b[0]     ; Input ; Info     ; Stuck at VCC                                                                                           ;
; i_carry_in ; Input ; Info     ; Stuck at GND                                                                                           ;
+------------+-------+----------+--------------------------------------------------------------------------------------------------------+


+-----------------------------------------------------------------------------------------------------------------------+
; Port Connectivity Checks: "gp_processor_control:u_CONTROL|counter_8bit:u_PC_COUNTER|incrementer_8bit:u_INCREMENTER"   ;
+-------------+--------+----------+-------------------------------------------------------------------------------------+
; Port        ; Type   ; Severity ; Details                                                                             ;
+-------------+--------+----------+-------------------------------------------------------------------------------------+
; o_carry_out ; Output ; Info     ; Connected to dangling logic. Logic that only feeds a dangling port will be removed. ;
+-------------+--------+----------+-------------------------------------------------------------------------------------+


+-----------------------------------------------------------------------------------------+
; Port Connectivity Checks: "gp_processor_control:u_CONTROL|register_16bit:u_IR_REGISTER" ;
+---------+-------+----------+------------------------------------------------------------+
; Port    ; Type  ; Severity ; Details                                                    ;
+---------+-------+----------+------------------------------------------------------------+
; i_clr_n ; Input ; Info     ; Stuck at VCC                                               ;
+---------+-------+----------+------------------------------------------------------------+


+---------------------------------------------------------------------------------------------------------------------+
; Port Connectivity Checks: "gp_processor_control:u_CONTROL"                                                          ;
+-----------+--------+----------+-------------------------------------------------------------------------------------+
; Port      ; Type   ; Severity ; Details                                                                             ;
+-----------+--------+----------+-------------------------------------------------------------------------------------+
; o_im_read ; Output ; Info     ; Connected to dangling logic. Logic that only feeds a dangling port will be removed. ;
+-----------+--------+----------+-------------------------------------------------------------------------------------+


+-----------------------------------------------------+
; Post-Synthesis Netlist Statistics for Top Partition ;
+-------------------+---------------------------------+
; Type              ; Count                           ;
+-------------------+---------------------------------+
; boundary_port     ; 1                               ;
;                   ;                                 ;
; Max LUT depth     ; 0.00                            ;
; Average LUT depth ; 0.00                            ;
+-------------------+---------------------------------+


+-------------------------------+
; Elapsed Time Per Partition    ;
+----------------+--------------+
; Partition Name ; Elapsed Time ;
+----------------+--------------+
; Top            ; 00:00:00     ;
+----------------+--------------+


+-------------------------------+
; Analysis & Synthesis Messages ;
+-------------------------------+
Info: *******************************************************************
Info: Running Quartus Prime Analysis & Synthesis
    Info: Version 21.1.1 Build 850 06/23/2022 SJ Lite Edition
    Info: Processing started: Tue Dec 13 21:46:32 2022
Info: Command: quartus_map --read_settings_files=on --write_settings_files=off gp_processor -c gp_processor
Warning (18236): Number of processors has not been specified which may cause overloading on shared machines.  Set the global assignment NUM_PARALLEL_PROCESSORS in your QSF to an appropriate value for best performance.
Info (20030): Parallel compilation is enabled and will use 6 of the 6 processors detected
Info (12021): Found 2 design units, including 1 entities, in source file gp_processor_control.vhd
    Info (12022): Found design unit 1: gp_processor_control-arch_gp_processor_control File: C:/Users/Gustavo/Desktop/T2M3/gp_processor_control.vhd Line: 34
    Info (12023): Found entity 1: gp_processor_control File: C:/Users/Gustavo/Desktop/T2M3/gp_processor_control.vhd Line: 4
Info (12021): Found 2 design units, including 1 entities, in source file gp_processor_datapath.vhd
    Info (12022): Found design unit 1: gp_processor_datapath-arch_gp_processor_datapath File: C:/Users/Gustavo/Desktop/T2M3/gp_processor_datapath.vhd Line: 29
    Info (12023): Found entity 1: gp_processor_datapath File: C:/Users/Gustavo/Desktop/T2M3/gp_processor_datapath.vhd Line: 4
Info (12021): Found 2 design units, including 1 entities, in source file components/mux_3x16bit.vhd
    Info (12022): Found design unit 1: mux_3x16bit-arch_mux_3x16bit File: C:/Users/Gustavo/Desktop/T2M3/components/mux_3x16bit.vhd Line: 16
    Info (12023): Found entity 1: mux_3x16bit File: C:/Users/Gustavo/Desktop/T2M3/components/mux_3x16bit.vhd Line: 4
Info (12021): Found 2 design units, including 1 entities, in source file components/register_file_16x16.vhd
    Info (12022): Found design unit 1: register_file_16x16-arch_register_file_16x16 File: C:/Users/Gustavo/Desktop/T2M3/components/register_file_16x16.vhd Line: 26
    Info (12023): Found entity 1: register_file_16x16 File: C:/Users/Gustavo/Desktop/T2M3/components/register_file_16x16.vhd Line: 4
Info (12021): Found 2 design units, including 1 entities, in source file components/register_16bit.vhd
    Info (12022): Found design unit 1: register_16bit-arch_register_16bit File: C:/Users/Gustavo/Desktop/T2M3/components/register_16bit.vhd Line: 15
    Info (12023): Found entity 1: register_16bit File: C:/Users/Gustavo/Desktop/T2M3/components/register_16bit.vhd Line: 4
Info (12021): Found 2 design units, including 1 entities, in source file components/decodifier_16bit.vhd
    Info (12022): Found design unit 1: decodifier_16bit-arch_decodifier_16bit File: C:/Users/Gustavo/Desktop/T2M3/components/decodifier_16bit.vhd Line: 28
    Info (12023): Found entity 1: decodifier_16bit File: C:/Users/Gustavo/Desktop/T2M3/components/decodifier_16bit.vhd Line: 4
Info (12021): Found 2 design units, including 1 entities, in source file components/mux_16x16bit.vhd
    Info (12022): Found design unit 1: mux_16x16bit-arch_mux_16x16bit File: C:/Users/Gustavo/Desktop/T2M3/components/mux_16x16bit.vhd Line: 29
    Info (12023): Found entity 1: mux_16x16bit File: C:/Users/Gustavo/Desktop/T2M3/components/mux_16x16bit.vhd Line: 4
Info (12021): Found 2 design units, including 1 entities, in source file components/full_adder_1bit.vhd
    Info (12022): Found design unit 1: full_adder_1bit-arch_full_adder_1bit File: C:/Users/Gustavo/Desktop/T2M3/components/full_adder_1bit.vhd Line: 15
    Info (12023): Found entity 1: full_adder_1bit File: C:/Users/Gustavo/Desktop/T2M3/components/full_adder_1bit.vhd Line: 4
Info (12021): Found 2 design units, including 1 entities, in source file components/adder_16bit.vhd
    Info (12022): Found design unit 1: adder_16bit-arch_adder_16bit File: C:/Users/Gustavo/Desktop/T2M3/components/adder_16bit.vhd Line: 15
    Info (12023): Found entity 1: adder_16bit File: C:/Users/Gustavo/Desktop/T2M3/components/adder_16bit.vhd Line: 4
Info (12021): Found 2 design units, including 1 entities, in source file gp_processor_controller.vhd
    Info (12022): Found design unit 1: gp_processor_controller-arch_gp_processor_controller File: C:/Users/Gustavo/Desktop/T2M3/gp_processor_controller.vhd Line: 38
    Info (12023): Found entity 1: gp_processor_controller File: C:/Users/Gustavo/Desktop/T2M3/gp_processor_controller.vhd Line: 4
Info (12021): Found 2 design units, including 1 entities, in source file components/mux_2x16bit.vhd
    Info (12022): Found design unit 1: mux_2x16bit-arch_mux_2x16bit File: C:/Users/Gustavo/Desktop/T2M3/components/mux_2x16bit.vhd Line: 15
    Info (12023): Found entity 1: mux_2x16bit File: C:/Users/Gustavo/Desktop/T2M3/components/mux_2x16bit.vhd Line: 4
Info (12021): Found 2 design units, including 1 entities, in source file gp_processor.vhd
    Info (12022): Found design unit 1: gp_processor-arch_gp_processor File: C:/Users/Gustavo/Desktop/T2M3/gp_processor.vhd Line: 11
    Info (12023): Found entity 1: gp_processor File: C:/Users/Gustavo/Desktop/T2M3/gp_processor.vhd Line: 4
Info (12021): Found 2 design units, including 1 entities, in source file components/counter_8bit.vhd
    Info (12022): Found design unit 1: counter_8bit-arch_counter_8bit File: C:/Users/Gustavo/Desktop/T2M3/components/counter_8bit.vhd Line: 14
    Info (12023): Found entity 1: counter_8bit File: C:/Users/Gustavo/Desktop/T2M3/components/counter_8bit.vhd Line: 4
Info (12021): Found 2 design units, including 1 entities, in source file components/register_8bit.vhd
    Info (12022): Found design unit 1: register_8bit-arch_register_8bit File: C:/Users/Gustavo/Desktop/T2M3/components/register_8bit.vhd Line: 15
    Info (12023): Found entity 1: register_8bit File: C:/Users/Gustavo/Desktop/T2M3/components/register_8bit.vhd Line: 4
Info (12021): Found 2 design units, including 1 entities, in source file components/incrementer_8bit.vhd
    Info (12022): Found design unit 1: incrementer_8bit-arch_incrementer_8bit File: C:/Users/Gustavo/Desktop/T2M3/components/incrementer_8bit.vhd Line: 13
    Info (12023): Found entity 1: incrementer_8bit File: C:/Users/Gustavo/Desktop/T2M3/components/incrementer_8bit.vhd Line: 4
Info (12021): Found 2 design units, including 1 entities, in source file components/adder_8bit.vhd
    Info (12022): Found design unit 1: adder_8bit-arch_adder_8bit File: C:/Users/Gustavo/Desktop/T2M3/components/adder_8bit.vhd Line: 15
    Info (12023): Found entity 1: adder_8bit File: C:/Users/Gustavo/Desktop/T2M3/components/adder_8bit.vhd Line: 4
Info (12021): Found 2 design units, including 1 entities, in source file components/alu_16bit.vhd
    Info (12022): Found design unit 1: alu_16bit-arch_alu_16bit File: C:/Users/Gustavo/Desktop/T2M3/components/alu_16bit.vhd Line: 15
    Info (12023): Found entity 1: alu_16bit File: C:/Users/Gustavo/Desktop/T2M3/components/alu_16bit.vhd Line: 4
Info (12021): Found 2 design units, including 1 entities, in source file components/rom_256x16_im.vhd
    Info (12022): Found design unit 1: rom_256x16_im-arch_rom_256x16_im File: C:/Users/Gustavo/Desktop/T2M3/components/rom_256x16_im.vhd Line: 19
    Info (12023): Found entity 1: rom_256x16_im File: C:/Users/Gustavo/Desktop/T2M3/components/rom_256x16_im.vhd Line: 5
Info (12021): Found 2 design units, including 1 entities, in source file components/ram_256x16_dm.vhd
    Info (12022): Found design unit 1: ram_256x16_dm-arch_ram_256x16_dm File: C:/Users/Gustavo/Desktop/T2M3/components/ram_256x16_dm.vhd Line: 24
    Info (12023): Found entity 1: ram_256x16_dm File: C:/Users/Gustavo/Desktop/T2M3/components/ram_256x16_dm.vhd Line: 5
Info (12127): Elaborating entity "gp_processor" for the top level hierarchy
Warning (10036): Verilog HDL or VHDL warning at gp_processor.vhd(103): object "w_IM_READ" assigned a value but never read File: C:/Users/Gustavo/Desktop/T2M3/gp_processor.vhd Line: 103
Info (12128): Elaborating entity "gp_processor_control" for hierarchy "gp_processor_control:u_CONTROL" File: C:/Users/Gustavo/Desktop/T2M3/gp_processor.vhd Line: 127
Info (12128): Elaborating entity "register_16bit" for hierarchy "gp_processor_control:u_CONTROL|register_16bit:u_IR_REGISTER" File: C:/Users/Gustavo/Desktop/T2M3/gp_processor_control.vhd Line: 100
Info (12128): Elaborating entity "counter_8bit" for hierarchy "gp_processor_control:u_CONTROL|counter_8bit:u_PC_COUNTER" File: C:/Users/Gustavo/Desktop/T2M3/gp_processor_control.vhd Line: 101
Info (12128): Elaborating entity "register_8bit" for hierarchy "gp_processor_control:u_CONTROL|counter_8bit:u_PC_COUNTER|register_8bit:u_COUNT_REGISTER" File: C:/Users/Gustavo/Desktop/T2M3/components/counter_8bit.vhd Line: 40
Info (12128): Elaborating entity "incrementer_8bit" for hierarchy "gp_processor_control:u_CONTROL|counter_8bit:u_PC_COUNTER|incrementer_8bit:u_INCREMENTER" File: C:/Users/Gustavo/Desktop/T2M3/components/counter_8bit.vhd Line: 41
Info (12128): Elaborating entity "adder_8bit" for hierarchy "gp_processor_control:u_CONTROL|counter_8bit:u_PC_COUNTER|incrementer_8bit:u_INCREMENTER|adder_8bit:u_ADDER" File: C:/Users/Gustavo/Desktop/T2M3/components/incrementer_8bit.vhd Line: 27
Info (12128): Elaborating entity "full_adder_1bit" for hierarchy "gp_processor_control:u_CONTROL|counter_8bit:u_PC_COUNTER|incrementer_8bit:u_INCREMENTER|adder_8bit:u_ADDER|full_adder_1bit:u_FULL_ADDER_0" File: C:/Users/Gustavo/Desktop/T2M3/components/adder_8bit.vhd Line: 37
Info (12128): Elaborating entity "gp_processor_controller" for hierarchy "gp_processor_control:u_CONTROL|gp_processor_controller:u_CONTROLLER" File: C:/Users/Gustavo/Desktop/T2M3/gp_processor_control.vhd Line: 103
Warning (10492): VHDL Process Statement warning at gp_processor_controller.vhd(123): signal "w_IR_DATA_ADDRESS" is read inside the Process Statement but isn't in the Process Statement's sensitivity list File: C:/Users/Gustavo/Desktop/T2M3/gp_processor_controller.vhd Line: 123
Warning (10492): VHDL Process Statement warning at gp_processor_controller.vhd(123): signal "w_IR_R1" is read inside the Process Statement but isn't in the Process Statement's sensitivity list File: C:/Users/Gustavo/Desktop/T2M3/gp_processor_controller.vhd Line: 123
Warning (10492): VHDL Process Statement warning at gp_processor_controller.vhd(124): signal "w_IR_DATA_ADDRESS" is read inside the Process Statement but isn't in the Process Statement's sensitivity list File: C:/Users/Gustavo/Desktop/T2M3/gp_processor_controller.vhd Line: 124
Warning (10492): VHDL Process Statement warning at gp_processor_controller.vhd(124): signal "w_IR_R1" is read inside the Process Statement but isn't in the Process Statement's sensitivity list File: C:/Users/Gustavo/Desktop/T2M3/gp_processor_controller.vhd Line: 124
Warning (10492): VHDL Process Statement warning at gp_processor_controller.vhd(125): signal "w_IR_R2" is read inside the Process Statement but isn't in the Process Statement's sensitivity list File: C:/Users/Gustavo/Desktop/T2M3/gp_processor_controller.vhd Line: 125
Warning (10492): VHDL Process Statement warning at gp_processor_controller.vhd(125): signal "w_IR_R3" is read inside the Process Statement but isn't in the Process Statement's sensitivity list File: C:/Users/Gustavo/Desktop/T2M3/gp_processor_controller.vhd Line: 125
Warning (10492): VHDL Process Statement warning at gp_processor_controller.vhd(125): signal "w_IR_R1" is read inside the Process Statement but isn't in the Process Statement's sensitivity list File: C:/Users/Gustavo/Desktop/T2M3/gp_processor_controller.vhd Line: 125
Warning (10492): VHDL Process Statement warning at gp_processor_controller.vhd(126): signal "w_IR_R1" is read inside the Process Statement but isn't in the Process Statement's sensitivity list File: C:/Users/Gustavo/Desktop/T2M3/gp_processor_controller.vhd Line: 126
Warning (10492): VHDL Process Statement warning at gp_processor_controller.vhd(126): signal "w_IR_DATA_ADDRESS" is read inside the Process Statement but isn't in the Process Statement's sensitivity list File: C:/Users/Gustavo/Desktop/T2M3/gp_processor_controller.vhd Line: 126
Info (12128): Elaborating entity "gp_processor_datapath" for hierarchy "gp_processor_datapath:u_DATAPATH" File: C:/Users/Gustavo/Desktop/T2M3/gp_processor.vhd Line: 152
Info (12128): Elaborating entity "mux_3x16bit" for hierarchy "gp_processor_datapath:u_DATAPATH|mux_3x16bit:u_MUX" File: C:/Users/Gustavo/Desktop/T2M3/gp_processor_datapath.vhd Line: 88
Info (12128): Elaborating entity "register_file_16x16" for hierarchy "gp_processor_datapath:u_DATAPATH|register_file_16x16:u_REGISTER_FILE" File: C:/Users/Gustavo/Desktop/T2M3/gp_processor_datapath.vhd Line: 97
Info (12128): Elaborating entity "decodifier_16bit" for hierarchy "gp_processor_datapath:u_DATAPATH|register_file_16x16:u_REGISTER_FILE|decodifier_16bit:u_DECODIFIER" File: C:/Users/Gustavo/Desktop/T2M3/components/register_file_16x16.vhd Line: 140
Info (12128): Elaborating entity "mux_16x16bit" for hierarchy "gp_processor_datapath:u_DATAPATH|register_file_16x16:u_REGISTER_FILE|mux_16x16bit:u_MUX_0" File: C:/Users/Gustavo/Desktop/T2M3/components/register_file_16x16.vhd Line: 194
Info (12128): Elaborating entity "alu_16bit" for hierarchy "gp_processor_datapath:u_DATAPATH|alu_16bit:u_ALU" File: C:/Users/Gustavo/Desktop/T2M3/gp_processor_datapath.vhd Line: 114
Info (12128): Elaborating entity "adder_16bit" for hierarchy "gp_processor_datapath:u_DATAPATH|alu_16bit:u_ALU|adder_16bit:u_ADDER" File: C:/Users/Gustavo/Desktop/T2M3/components/alu_16bit.vhd Line: 41
Info (12128): Elaborating entity "mux_2x16bit" for hierarchy "gp_processor_datapath:u_DATAPATH|alu_16bit:u_ALU|mux_2x16bit:u_MUX" File: C:/Users/Gustavo/Desktop/T2M3/components/alu_16bit.vhd Line: 42
Info (12128): Elaborating entity "ram_256x16_dm" for hierarchy "ram_256x16_dm:u_DATA_MEMORY" File: C:/Users/Gustavo/Desktop/T2M3/gp_processor.vhd Line: 171
Info (12128): Elaborating entity "rom_256x16_im" for hierarchy "rom_256x16_im:u_INSTRUCTION_MEMORY" File: C:/Users/Gustavo/Desktop/T2M3/gp_processor.vhd Line: 181
Info (19000): Inferred 1 megafunctions from design logic
    Info (276029): Inferred altsyncram megafunction from the following design logic: "rom_256x16_im:u_INSTRUCTION_MEMORY|rom_rtl_0" 
        Info (286033): Parameter OPERATION_MODE set to ROM
        Info (286033): Parameter WIDTH_A set to 16
        Info (286033): Parameter WIDTHAD_A set to 8
        Info (286033): Parameter NUMWORDS_A set to 256
        Info (286033): Parameter OUTDATA_REG_A set to UNREGISTERED
        Info (286033): Parameter ADDRESS_ACLR_A set to NONE
        Info (286033): Parameter OUTDATA_ACLR_A set to NONE
        Info (286033): Parameter INDATA_ACLR_A set to NONE
        Info (286033): Parameter WRCONTROL_ACLR_A set to NONE
        Info (286033): Parameter INIT_FILE set to db/gp_processor.ram0_rom_256x16_im_45d83a4c.hdl.mif
Info (12130): Elaborated megafunction instantiation "rom_256x16_im:u_INSTRUCTION_MEMORY|altsyncram:rom_rtl_0"
Info (12133): Instantiated megafunction "rom_256x16_im:u_INSTRUCTION_MEMORY|altsyncram:rom_rtl_0" with the following parameter:
    Info (12134): Parameter "OPERATION_MODE" = "ROM"
    Info (12134): Parameter "WIDTH_A" = "16"
    Info (12134): Parameter "WIDTHAD_A" = "8"
    Info (12134): Parameter "NUMWORDS_A" = "256"
    Info (12134): Parameter "OUTDATA_REG_A" = "UNREGISTERED"
    Info (12134): Parameter "ADDRESS_ACLR_A" = "NONE"
    Info (12134): Parameter "OUTDATA_ACLR_A" = "NONE"
    Info (12134): Parameter "INDATA_ACLR_A" = "NONE"
    Info (12134): Parameter "WRCONTROL_ACLR_A" = "NONE"
    Info (12134): Parameter "INIT_FILE" = "db/gp_processor.ram0_rom_256x16_im_45d83a4c.hdl.mif"
Info (12021): Found 1 design units, including 1 entities, in source file db/altsyncram_ose1.tdf
    Info (12023): Found entity 1: altsyncram_ose1 File: C:/Users/Gustavo/Desktop/T2M3/db/altsyncram_ose1.tdf Line: 28
Warning (14284): Synthesized away the following node(s):
    Warning (14285): Synthesized away the following RAM node(s):
        Warning (14320): Synthesized away node "rom_256x16_im:u_INSTRUCTION_MEMORY|altsyncram:rom_rtl_0|altsyncram_ose1:auto_generated|ram_block1a0" File: C:/Users/Gustavo/Desktop/T2M3/db/altsyncram_ose1.tdf Line: 36
        Warning (14320): Synthesized away node "rom_256x16_im:u_INSTRUCTION_MEMORY|altsyncram:rom_rtl_0|altsyncram_ose1:auto_generated|ram_block1a1" File: C:/Users/Gustavo/Desktop/T2M3/db/altsyncram_ose1.tdf Line: 57
        Warning (14320): Synthesized away node "rom_256x16_im:u_INSTRUCTION_MEMORY|altsyncram:rom_rtl_0|altsyncram_ose1:auto_generated|ram_block1a2" File: C:/Users/Gustavo/Desktop/T2M3/db/altsyncram_ose1.tdf Line: 78
        Warning (14320): Synthesized away node "rom_256x16_im:u_INSTRUCTION_MEMORY|altsyncram:rom_rtl_0|altsyncram_ose1:auto_generated|ram_block1a3" File: C:/Users/Gustavo/Desktop/T2M3/db/altsyncram_ose1.tdf Line: 99
        Warning (14320): Synthesized away node "rom_256x16_im:u_INSTRUCTION_MEMORY|altsyncram:rom_rtl_0|altsyncram_ose1:auto_generated|ram_block1a4" File: C:/Users/Gustavo/Desktop/T2M3/db/altsyncram_ose1.tdf Line: 120
        Warning (14320): Synthesized away node "rom_256x16_im:u_INSTRUCTION_MEMORY|altsyncram:rom_rtl_0|altsyncram_ose1:auto_generated|ram_block1a5" File: C:/Users/Gustavo/Desktop/T2M3/db/altsyncram_ose1.tdf Line: 141
        Warning (14320): Synthesized away node "rom_256x16_im:u_INSTRUCTION_MEMORY|altsyncram:rom_rtl_0|altsyncram_ose1:auto_generated|ram_block1a6" File: C:/Users/Gustavo/Desktop/T2M3/db/altsyncram_ose1.tdf Line: 162
        Warning (14320): Synthesized away node "rom_256x16_im:u_INSTRUCTION_MEMORY|altsyncram:rom_rtl_0|altsyncram_ose1:auto_generated|ram_block1a7" File: C:/Users/Gustavo/Desktop/T2M3/db/altsyncram_ose1.tdf Line: 183
        Warning (14320): Synthesized away node "rom_256x16_im:u_INSTRUCTION_MEMORY|altsyncram:rom_rtl_0|altsyncram_ose1:auto_generated|ram_block1a8" File: C:/Users/Gustavo/Desktop/T2M3/db/altsyncram_ose1.tdf Line: 204
        Warning (14320): Synthesized away node "rom_256x16_im:u_INSTRUCTION_MEMORY|altsyncram:rom_rtl_0|altsyncram_ose1:auto_generated|ram_block1a9" File: C:/Users/Gustavo/Desktop/T2M3/db/altsyncram_ose1.tdf Line: 225
        Warning (14320): Synthesized away node "rom_256x16_im:u_INSTRUCTION_MEMORY|altsyncram:rom_rtl_0|altsyncram_ose1:auto_generated|ram_block1a10" File: C:/Users/Gustavo/Desktop/T2M3/db/altsyncram_ose1.tdf Line: 246
        Warning (14320): Synthesized away node "rom_256x16_im:u_INSTRUCTION_MEMORY|altsyncram:rom_rtl_0|altsyncram_ose1:auto_generated|ram_block1a11" File: C:/Users/Gustavo/Desktop/T2M3/db/altsyncram_ose1.tdf Line: 267
Warning (14284): Synthesized away the following node(s):
    Warning (14285): Synthesized away the following RAM node(s):
        Warning (14320): Synthesized away node "rom_256x16_im:u_INSTRUCTION_MEMORY|altsyncram:rom_rtl_0|altsyncram_ose1:auto_generated|ram_block1a12" File: C:/Users/Gustavo/Desktop/T2M3/db/altsyncram_ose1.tdf Line: 288
        Warning (14320): Synthesized away node "rom_256x16_im:u_INSTRUCTION_MEMORY|altsyncram:rom_rtl_0|altsyncram_ose1:auto_generated|ram_block1a13" File: C:/Users/Gustavo/Desktop/T2M3/db/altsyncram_ose1.tdf Line: 309
        Warning (14320): Synthesized away node "rom_256x16_im:u_INSTRUCTION_MEMORY|altsyncram:rom_rtl_0|altsyncram_ose1:auto_generated|ram_block1a14" File: C:/Users/Gustavo/Desktop/T2M3/db/altsyncram_ose1.tdf Line: 330
        Warning (14320): Synthesized away node "rom_256x16_im:u_INSTRUCTION_MEMORY|altsyncram:rom_rtl_0|altsyncram_ose1:auto_generated|ram_block1a15" File: C:/Users/Gustavo/Desktop/T2M3/db/altsyncram_ose1.tdf Line: 351
Info (17049): 15 registers lost all their fanouts during netlist optimizations.
Info (16010): Generating hard_block partition "hard_block:auto_generated_inst"
    Info (16011): Adding 0 node(s), including 0 DDIO, 0 PLL, 0 transceiver and 0 LCELL
Warning (21074): Design contains 1 input pin(s) that do not drive logic
    Warning (15610): No output dependent on input pin "i_CLK" File: C:/Users/Gustavo/Desktop/T2M3/gp_processor.vhd Line: 7
Info (21057): Implemented 1 device resources after synthesis - the final resource count might be different
    Info (21058): Implemented 1 input pins
    Info (21059): Implemented 0 output pins
Info: Quartus Prime Analysis & Synthesis was successful. 0 errors, 33 warnings
    Info: Peak virtual memory: 4866 megabytes
    Info: Processing ended: Tue Dec 13 21:46:40 2022
    Info: Elapsed time: 00:00:08
    Info: Total CPU time (on all processors): 00:00:17


