Flow report for circuit_channel_sharing_with_tmr
Tue Sep 27 14:37:04 2022
Quartus Prime Version 21.1.1 Build 850 06/23/2022 SJ Lite Edition


---------------------
; Table of Contents ;
---------------------
  1. Legal Notice
  2. Flow Summary
  3. Flow Settings
  4. Flow Non-Default Global Settings
  5. Flow Elapsed Time
  6. Flow OS Summary
  7. Flow Log
  8. Flow Messages
  9. Flow Suppressed Messages



----------------
; Legal Notice ;
----------------
Copyright (C) 2022  Intel Corporation. All rights reserved.
Your use of Intel Corporation's design tools, logic functions 
and other software and tools, and any partner logic 
functions, and any output files from any of the foregoing 
(including device programming or simulation files), and any 
associated documentation or information are expressly subject 
to the terms and conditions of the Intel Program License 
Subscription Agreement, the Intel Quartus Prime License Agreement,
the Intel FPGA IP License Agreement, or other applicable license
agreement, including, without limitation, that your use is for
the sole purpose of programming logic devices manufactured by
Intel and sold by Intel or its authorized distributors.  Please
refer to the applicable agreement for further details, at
https://fpgasoftware.intel.com/eula.



+----------------------------------------------------------------------------------------+
; Flow Summary                                                                           ;
+---------------------------------+------------------------------------------------------+
; Flow Status                     ; EDA Netlist Writer Failed - Tue Sep 27 14:37:04 2022 ;
; Quartus Prime Version           ; 21.1.1 Build 850 06/23/2022 SJ Lite Edition          ;
; Revision Name                   ; circuit_channel_sharing_with_tmr                     ;
; Top-level Entity Name           ; circuit_channel_sharing_with_tmr                     ;
; Family                          ; Cyclone V                                            ;
; Device                          ; 5CGXFC7C7F23C8                                       ;
; Timing Models                   ; Final                                                ;
; Logic utilization (in ALMs)     ; 2 / 56,480 ( < 1 % )                                 ;
; Total registers                 ; 0                                                    ;
; Total pins                      ; 8 / 268 ( 3 % )                                      ;
; Total virtual pins              ; 0                                                    ;
; Total block memory bits         ; 0 / 7,024,640 ( 0 % )                                ;
; Total DSP Blocks                ; 0 / 156 ( 0 % )                                      ;
; Total HSSI RX PCSs              ; 0 / 6 ( 0 % )                                        ;
; Total HSSI PMA RX Deserializers ; 0 / 6 ( 0 % )                                        ;
; Total HSSI TX PCSs              ; 0 / 6 ( 0 % )                                        ;
; Total HSSI PMA TX Serializers   ; 0 / 6 ( 0 % )                                        ;
; Total PLLs                      ; 0 / 13 ( 0 % )                                       ;
; Total DLLs                      ; 0 / 4 ( 0 % )                                        ;
+---------------------------------+------------------------------------------------------+


+------------------------------------------------------+
; Flow Settings                                        ;
+-------------------+----------------------------------+
; Option            ; Setting                          ;
+-------------------+----------------------------------+
; Start date & time ; 09/27/2022 13:29:05              ;
; Main task         ; Compilation                      ;
; Revision Name     ; circuit_channel_sharing_with_tmr ;
+-------------------+----------------------------------+


+-------------------------------------------------------------------------------------------------------------------------+
; Flow Non-Default Global Settings                                                                                        ;
+-------------------------------------+----------------------------------------+---------------+-------------+------------+
; Assignment Name                     ; Value                                  ; Default Value ; Entity Name ; Section Id ;
+-------------------------------------+----------------------------------------+---------------+-------------+------------+
; COMPILER_SIGNATURE_ID               ; 5334172824650.166429614515192          ; --            ; --          ; --         ;
; MAX_CORE_JUNCTION_TEMP              ; 85                                     ; --            ; --          ; --         ;
; MIN_CORE_JUNCTION_TEMP              ; 0                                      ; --            ; --          ; --         ;
; PARTITION_COLOR                     ; -- (Not supported for targeted family) ; --            ; --          ; Top        ;
; PARTITION_FITTER_PRESERVATION_LEVEL ; -- (Not supported for targeted family) ; --            ; --          ; Top        ;
; PARTITION_NETLIST_TYPE              ; -- (Not supported for targeted family) ; --            ; --          ; Top        ;
; PROJECT_OUTPUT_DIRECTORY            ; output_files                           ; --            ; --          ; --         ;
+-------------------------------------+----------------------------------------+---------------+-------------+------------+


+--------------------------------------------------------------------------------------------------------------------------+
; Flow Elapsed Time                                                                                                        ;
+----------------------+--------------+-------------------------+---------------------+------------------------------------+
; Module Name          ; Elapsed Time ; Average Processors Used ; Peak Virtual Memory ; Total CPU Time (on all processors) ;
+----------------------+--------------+-------------------------+---------------------+------------------------------------+
; Analysis & Synthesis ; 00:00:07     ; 1.0                     ; 4875 MB             ; 00:00:16                           ;
; Fitter               ; 00:00:31     ; 1.0                     ; 6836 MB             ; 00:01:17                           ;
; Assembler            ; 00:00:07     ; 1.0                     ; 4867 MB             ; 00:00:06                           ;
; Timing Analyzer      ; 00:00:04     ; 1.0                     ; 5160 MB             ; 00:00:04                           ;
; EDA Netlist Writer   ; 00:00:00     ; 1.0                     ; 4727 MB             ; 00:00:01                           ;
; EDA Netlist Writer   ; 00:00:01     ; 1.0                     ; 4726 MB             ; 00:00:01                           ;
; EDA Netlist Writer   ; 00:00:00     ; 1.0                     ; 4726 MB             ; 00:00:01                           ;
; EDA Netlist Writer   ; 00:00:01     ; 1.0                     ; 4726 MB             ; 00:00:01                           ;
; Total                ; 00:00:51     ; --                      ; --                  ; 00:01:47                           ;
+----------------------+--------------+-------------------------+---------------------+------------------------------------+


+------------------------------------------------------------------------------------+
; Flow OS Summary                                                                    ;
+----------------------+------------------+------------+------------+----------------+
; Module Name          ; Machine Hostname ; OS Name    ; OS Version ; Processor type ;
+----------------------+------------------+------------+------------+----------------+
; Analysis & Synthesis ; DESKTOP-RORU0OO  ; Windows 10 ; 10.0       ; x86_64         ;
; Fitter               ; DESKTOP-RORU0OO  ; Windows 10 ; 10.0       ; x86_64         ;
; Assembler            ; DESKTOP-RORU0OO  ; Windows 10 ; 10.0       ; x86_64         ;
; Timing Analyzer      ; DESKTOP-RORU0OO  ; Windows 10 ; 10.0       ; x86_64         ;
; EDA Netlist Writer   ; DESKTOP-RORU0OO  ; Windows 10 ; 10.0       ; x86_64         ;
; EDA Netlist Writer   ; DESKTOP-RORU0OO  ; Windows 10 ; 10.0       ; x86_64         ;
; EDA Netlist Writer   ; DESKTOP-RORU0OO  ; Windows 10 ; 10.0       ; x86_64         ;
; EDA Netlist Writer   ; DESKTOP-RORU0OO  ; Windows 10 ; 10.0       ; x86_64         ;
+----------------------+------------------+------------+------------+----------------+


------------
; Flow Log ;
------------
quartus_map --read_settings_files=on --write_settings_files=off circuit_channel_sharing_with_tmr -c circuit_channel_sharing_with_tmr
quartus_fit --read_settings_files=off --write_settings_files=off circuit_channel_sharing_with_tmr -c circuit_channel_sharing_with_tmr
quartus_asm --read_settings_files=off --write_settings_files=off circuit_channel_sharing_with_tmr -c circuit_channel_sharing_with_tmr
quartus_sta circuit_channel_sharing_with_tmr -c circuit_channel_sharing_with_tmr
quartus_eda --gen_testbench --tool=modelsim_oem --format=vhdl --write_settings_files=off circuit_channel_sharing_with_tmr -c circuit_channel_sharing_with_tmr --vector_source="E:/Arquivos/Faculdade/Periodo 8/Projeto de Sistemas Digitais/2 - Trabalho 2 M2 26 09 2022/circuit_channel_sharing_with_tmr/quartus_project/Waveform.vwf" --testbench_file="E:/Arquivos/Faculdade/Periodo 8/Projeto de Sistemas Digitais/2 - Trabalho 2 M2 26 09 2022/circuit_channel_sharing_with_tmr/quartus_project/simulation/qsim/Waveform.vwf.vht"
quartus_eda --gen_testbench --tool=modelsim_oem --format=vhdl --write_settings_files=off circuit_channel_sharing_with_tmr -c circuit_channel_sharing_with_tmr --vector_source="E:/Arquivos/Faculdade/Periodo 8/Projeto de Sistemas Digitais/2 - Trabalho 2 M2 26 09 2022/circuit_channel_sharing_with_tmr/quartus_project/Waveform.vwf" --testbench_file="E:/Arquivos/Faculdade/Periodo 8/Projeto de Sistemas Digitais/2 - Trabalho 2 M2 26 09 2022/circuit_channel_sharing_with_tmr/quartus_project/simulation/qsim/Waveform.vwf.vht"
quartus_eda --gen_testbench --tool=modelsim_oem --format=vhdl --write_settings_files=off circuit_channel_sharing_with_tmr -c circuit_channel_sharing_with_tmr --vector_source="E:/Arquivos/Faculdade/Periodo 8/Projeto de Sistemas Digitais/2 - Trabalho 2 M2 26 09 2022/circuit_channel_sharing_with_tmr/quartus_project/Waveform.vwf" --testbench_file="E:/Arquivos/Faculdade/Periodo 8/Projeto de Sistemas Digitais/2 - Trabalho 2 M2 26 09 2022/circuit_channel_sharing_with_tmr/quartus_project/simulation/qsim/Waveform.vwf.vht"
quartus_eda --gen_testbench --tool=modelsim_oem --format=vhdl --write_settings_files=off circuit_channel_sharing_with_tmr -c circuit_channel_sharing_with_tmr --vector_source="E:/Arquivos/Faculdade/Periodo 8/Projeto de Sistemas Digitais/2 - Trabalho 2 M2 26 09 2022/circuit_channel_sharing_with_tmr/quartus_project/Waveform.vwf" --testbench_file="E:/Arquivos/Faculdade/Periodo 8/Projeto de Sistemas Digitais/2 - Trabalho 2 M2 26 09 2022/circuit_channel_sharing_with_tmr/quartus_project/simulation/qsim/Waveform.vwf.vht"



