------------------------------------------------------------
Timing Analyzer Summary
------------------------------------------------------------

Type  : Slow 1100mV 85C Model Setup 'i_CLK'
Slack : -2.769
TNS   : -51.736

Type  : Slow 1100mV 85C Model Hold 'i_CLK'
Slack : 0.422
TNS   : 0.000

Type  : Slow 1100mV 85C Model Recovery 'i_CLK'
Slack : -0.936
TNS   : -17.550

Type  : Slow 1100mV 85C Model Removal 'i_CLK'
Slack : 0.843
TNS   : 0.000

Type  : Slow 1100mV 85C Model Minimum Pulse Width 'i_CLK'
Slack : -0.724
TNS   : -37.835

Type  : Slow 1100mV 0C Model Setup 'i_CLK'
Slack : -2.868
TNS   : -50.755

Type  : Slow 1100mV 0C Model Hold 'i_CLK'
Slack : 0.412
TNS   : 0.000

Type  : Slow 1100mV 0C Model Recovery 'i_CLK'
Slack : -0.861
TNS   : -16.047

Type  : Slow 1100mV 0C Model Removal 'i_CLK'
Slack : 0.788
TNS   : 0.000

Type  : Slow 1100mV 0C Model Minimum Pulse Width 'i_CLK'
Slack : -0.724
TNS   : -37.871

Type  : Fast 1100mV 85C Model Setup 'i_CLK'
Slack : -0.585
TNS   : -5.348

Type  : Fast 1100mV 85C Model Hold 'i_CLK'
Slack : 0.177
TNS   : 0.000

Type  : Fast 1100mV 85C Model Recovery 'i_CLK'
Slack : 0.247
TNS   : 0.000

Type  : Fast 1100mV 85C Model Removal 'i_CLK'
Slack : 0.307
TNS   : 0.000

Type  : Fast 1100mV 85C Model Minimum Pulse Width 'i_CLK'
Slack : -0.087
TNS   : -2.815

Type  : Fast 1100mV 0C Model Setup 'i_CLK'
Slack : -0.473
TNS   : -3.494

Type  : Fast 1100mV 0C Model Hold 'i_CLK'
Slack : 0.168
TNS   : 0.000

Type  : Fast 1100mV 0C Model Recovery 'i_CLK'
Slack : 0.301
TNS   : 0.000

Type  : Fast 1100mV 0C Model Removal 'i_CLK'
Slack : 0.276
TNS   : 0.000

Type  : Fast 1100mV 0C Model Minimum Pulse Width 'i_CLK'
Slack : -0.086
TNS   : -2.818

------------------------------------------------------------
