Analysis & Synthesis report for ula_4bit
Sun Nov  6 15:05:01 2022
Quartus Prime Version 21.1.1 Build 850 06/23/2022 SJ Lite Edition


---------------------
; Table of Contents ;
---------------------
  1. Legal Notice
  2. Analysis & Synthesis Summary
  3. Analysis & Synthesis Settings
  4. Parallel Compilation
  5. Analysis & Synthesis Source Files Read
  6. Analysis & Synthesis Resource Usage Summary
  7. Analysis & Synthesis Resource Utilization by Entity
  8. General Register Statistics
  9. Multiplexer Restructuring Statistics (Restructuring Performed)
 10. Port Connectivity Checks: "incrementer_4bit:u_INCREMENTER"
 11. Port Connectivity Checks: "subtractor_4bit:u_SUBTRACTOR|incrementer_4bit:u_INCREMENTER|adder_4bit:u_ADDER"
 12. Port Connectivity Checks: "subtractor_4bit:u_SUBTRACTOR|incrementer_4bit:u_INCREMENTER"
 13. Port Connectivity Checks: "subtractor_4bit:u_SUBTRACTOR"
 14. Port Connectivity Checks: "adder_4bit:u_ADDER|full_adder_1bit:u_FULL_ADDER_0"
 15. Port Connectivity Checks: "adder_4bit:u_ADDER"
 16. Post-Synthesis Netlist Statistics for Top Partition
 17. Elapsed Time Per Partition
 18. Analysis & Synthesis Messages



----------------
; Legal Notice ;
----------------
Copyright (C) 2022  Intel Corporation. All rights reserved.
Your use of Intel Corporation's design tools, logic functions 
and other software and tools, and any partner logic 
functions, and any output files from any of the foregoing 
(including device programming or simulation files), and any 
associated documentation or information are expressly subject 
to the terms and conditions of the Intel Program License 
Subscription Agreement, the Intel Quartus Prime License Agreement,
the Intel FPGA IP License Agreement, or other applicable license
agreement, including, without limitation, that your use is for
the sole purpose of programming logic devices manufactured by
Intel and sold by Intel or its authorized distributors.  Please
refer to the applicable agreement for further details, at
https://fpgasoftware.intel.com/eula.



+-------------------------------------------------------------------------------+
; Analysis & Synthesis Summary                                                  ;
+---------------------------------+---------------------------------------------+
; Analysis & Synthesis Status     ; Successful - Sun Nov  6 15:05:01 2022       ;
; Quartus Prime Version           ; 21.1.1 Build 850 06/23/2022 SJ Lite Edition ;
; Revision Name                   ; ula_4bit                                    ;
; Top-level Entity Name           ; ula_4bit                                    ;
; Family                          ; Cyclone V                                   ;
; Logic utilization (in ALMs)     ; N/A                                         ;
; Total registers                 ; 4                                           ;
; Total pins                      ; 17                                          ;
; Total virtual pins              ; 0                                           ;
; Total block memory bits         ; 0                                           ;
; Total DSP Blocks                ; 0                                           ;
; Total HSSI RX PCSs              ; 0                                           ;
; Total HSSI PMA RX Deserializers ; 0                                           ;
; Total HSSI TX PCSs              ; 0                                           ;
; Total HSSI PMA TX Serializers   ; 0                                           ;
; Total PLLs                      ; 0                                           ;
; Total DLLs                      ; 0                                           ;
+---------------------------------+---------------------------------------------+


+---------------------------------------------------------------------------------------------------------------------------+
; Analysis & Synthesis Settings                                                                                             ;
+---------------------------------------------------------------------------------+--------------------+--------------------+
; Option                                                                          ; Setting            ; Default Value      ;
+---------------------------------------------------------------------------------+--------------------+--------------------+
; Device                                                                          ; 5CGXFC7C7F23C8     ;                    ;
; Top-level entity name                                                           ; ula_4bit           ; ula_4bit           ;
; Family name                                                                     ; Cyclone V          ; Cyclone V          ;
; Use smart compilation                                                           ; Off                ; Off                ;
; Enable parallel Assembler and Timing Analyzer during compilation                ; On                 ; On                 ;
; Enable compact report table                                                     ; Off                ; Off                ;
; Restructure Multiplexers                                                        ; Auto               ; Auto               ;
; MLAB Add Timing Constraints For Mixed-Port Feed-Through Mode Setting Don't Care ; Off                ; Off                ;
; Create Debugging Nodes for IP Cores                                             ; Off                ; Off                ;
; Preserve fewer node names                                                       ; On                 ; On                 ;
; Intel FPGA IP Evaluation Mode                                                   ; Enable             ; Enable             ;
; Verilog Version                                                                 ; Verilog_2001       ; Verilog_2001       ;
; VHDL Version                                                                    ; VHDL_1993          ; VHDL_1993          ;
; State Machine Processing                                                        ; Auto               ; Auto               ;
; Safe State Machine                                                              ; Off                ; Off                ;
; Extract Verilog State Machines                                                  ; On                 ; On                 ;
; Extract VHDL State Machines                                                     ; On                 ; On                 ;
; Ignore Verilog initial constructs                                               ; Off                ; Off                ;
; Iteration limit for constant Verilog loops                                      ; 5000               ; 5000               ;
; Iteration limit for non-constant Verilog loops                                  ; 250                ; 250                ;
; Add Pass-Through Logic to Inferred RAMs                                         ; On                 ; On                 ;
; Infer RAMs from Raw Logic                                                       ; On                 ; On                 ;
; Parallel Synthesis                                                              ; On                 ; On                 ;
; DSP Block Balancing                                                             ; Auto               ; Auto               ;
; NOT Gate Push-Back                                                              ; On                 ; On                 ;
; Power-Up Don't Care                                                             ; On                 ; On                 ;
; Remove Redundant Logic Cells                                                    ; Off                ; Off                ;
; Remove Duplicate Registers                                                      ; On                 ; On                 ;
; Ignore CARRY Buffers                                                            ; Off                ; Off                ;
; Ignore CASCADE Buffers                                                          ; Off                ; Off                ;
; Ignore GLOBAL Buffers                                                           ; Off                ; Off                ;
; Ignore ROW GLOBAL Buffers                                                       ; Off                ; Off                ;
; Ignore LCELL Buffers                                                            ; Off                ; Off                ;
; Ignore SOFT Buffers                                                             ; On                 ; On                 ;
; Limit AHDL Integers to 32 Bits                                                  ; Off                ; Off                ;
; Optimization Technique                                                          ; Balanced           ; Balanced           ;
; Carry Chain Length                                                              ; 70                 ; 70                 ;
; Auto Carry Chains                                                               ; On                 ; On                 ;
; Auto Open-Drain Pins                                                            ; On                 ; On                 ;
; Perform WYSIWYG Primitive Resynthesis                                           ; Off                ; Off                ;
; Auto ROM Replacement                                                            ; On                 ; On                 ;
; Auto RAM Replacement                                                            ; On                 ; On                 ;
; Auto DSP Block Replacement                                                      ; On                 ; On                 ;
; Auto Shift Register Replacement                                                 ; Auto               ; Auto               ;
; Allow Shift Register Merging across Hierarchies                                 ; Auto               ; Auto               ;
; Auto Clock Enable Replacement                                                   ; On                 ; On                 ;
; Strict RAM Replacement                                                          ; Off                ; Off                ;
; Allow Synchronous Control Signals                                               ; On                 ; On                 ;
; Force Use of Synchronous Clear Signals                                          ; Off                ; Off                ;
; Auto Resource Sharing                                                           ; Off                ; Off                ;
; Allow Any RAM Size For Recognition                                              ; Off                ; Off                ;
; Allow Any ROM Size For Recognition                                              ; Off                ; Off                ;
; Allow Any Shift Register Size For Recognition                                   ; Off                ; Off                ;
; Use LogicLock Constraints during Resource Balancing                             ; On                 ; On                 ;
; Ignore translate_off and synthesis_off directives                               ; Off                ; Off                ;
; Timing-Driven Synthesis                                                         ; On                 ; On                 ;
; Report Parameter Settings                                                       ; On                 ; On                 ;
; Report Source Assignments                                                       ; On                 ; On                 ;
; Report Connectivity Checks                                                      ; On                 ; On                 ;
; Ignore Maximum Fan-Out Assignments                                              ; Off                ; Off                ;
; Synchronization Register Chain Length                                           ; 3                  ; 3                  ;
; Power Optimization During Synthesis                                             ; Normal compilation ; Normal compilation ;
; HDL message level                                                               ; Level2             ; Level2             ;
; Suppress Register Optimization Related Messages                                 ; Off                ; Off                ;
; Number of Removed Registers Reported in Synthesis Report                        ; 5000               ; 5000               ;
; Number of Swept Nodes Reported in Synthesis Report                              ; 5000               ; 5000               ;
; Number of Inverted Registers Reported in Synthesis Report                       ; 100                ; 100                ;
; Clock MUX Protection                                                            ; On                 ; On                 ;
; Auto Gated Clock Conversion                                                     ; Off                ; Off                ;
; Block Design Naming                                                             ; Auto               ; Auto               ;
; SDC constraint protection                                                       ; Off                ; Off                ;
; Synthesis Effort                                                                ; Auto               ; Auto               ;
; Shift Register Replacement - Allow Asynchronous Clear Signal                    ; On                 ; On                 ;
; Pre-Mapping Resynthesis Optimization                                            ; Off                ; Off                ;
; Analysis & Synthesis Message Level                                              ; Medium             ; Medium             ;
; Disable Register Merging Across Hierarchies                                     ; Auto               ; Auto               ;
; Resource Aware Inference For Block RAM                                          ; On                 ; On                 ;
; Automatic Parallel Synthesis                                                    ; On                 ; On                 ;
; Partial Reconfiguration Bitstream ID                                            ; Off                ; Off                ;
+---------------------------------------------------------------------------------+--------------------+--------------------+


+------------------------------------------+
; Parallel Compilation                     ;
+----------------------------+-------------+
; Processors                 ; Number      ;
+----------------------------+-------------+
; Number detected on machine ; 12          ;
; Maximum allowed            ; 6           ;
;                            ;             ;
; Average used               ; 1.00        ;
; Maximum used               ; 1           ;
;                            ;             ;
; Usage by Processor         ; % Time Used ;
;     Processor 1            ; 100.0%      ;
+----------------------------+-------------+


+---------------------------------------------------------------------------------------------------------------------------------------------+
; Analysis & Synthesis Source Files Read                                                                                                      ;
+----------------------------------+-----------------+-----------------+------------------------------------------------------------+---------+
; File Name with User-Entered Path ; Used in Netlist ; File Type       ; File Name with Absolute Path                               ; Library ;
+----------------------------------+-----------------+-----------------+------------------------------------------------------------+---------+
; ula_4bit.vhd                     ; yes             ; User VHDL File  ; C:/Users/Gustavo/Desktop/TrabalhoT2M2/ula_4bit.vhd         ;         ;
; adder_4bit.vhd                   ; yes             ; User VHDL File  ; C:/Users/Gustavo/Desktop/TrabalhoT2M2/adder_4bit.vhd       ;         ;
; full_adder_1bit.vhd              ; yes             ; User VHDL File  ; C:/Users/Gustavo/Desktop/TrabalhoT2M2/full_adder_1bit.vhd  ;         ;
; inverter_4bit.vhd                ; yes             ; User VHDL File  ; C:/Users/Gustavo/Desktop/TrabalhoT2M2/inverter_4bit.vhd    ;         ;
; incrementer_4bit.vhd             ; yes             ; User VHDL File  ; C:/Users/Gustavo/Desktop/TrabalhoT2M2/incrementer_4bit.vhd ;         ;
; subtractor_4bit.vhd              ; yes             ; User VHDL File  ; C:/Users/Gustavo/Desktop/TrabalhoT2M2/subtractor_4bit.vhd  ;         ;
; and_4bit.vhd                     ; yes             ; User VHDL File  ; C:/Users/Gustavo/Desktop/TrabalhoT2M2/and_4bit.vhd         ;         ;
; or_4bit.vhd                      ; yes             ; User VHDL File  ; C:/Users/Gustavo/Desktop/TrabalhoT2M2/or_4bit.vhd          ;         ;
; mux_8x8bit.vhd                   ; yes             ; User VHDL File  ; C:/Users/Gustavo/Desktop/TrabalhoT2M2/mux_8x8bit.vhd       ;         ;
; xor_4bit.vhd                     ; yes             ; User VHDL File  ; C:/Users/Gustavo/Desktop/TrabalhoT2M2/xor_4bit.vhd         ;         ;
; register_4bit.vhd                ; yes             ; User VHDL File  ; C:/Users/Gustavo/Desktop/TrabalhoT2M2/register_4bit.vhd    ;         ;
+----------------------------------+-----------------+-----------------+------------------------------------------------------------+---------+


+--------------------------------------------------------------+
; Analysis & Synthesis Resource Usage Summary                  ;
+---------------------------------------------+----------------+
; Resource                                    ; Usage          ;
+---------------------------------------------+----------------+
; Estimate of Logic utilization (ALMs needed) ; 12             ;
;                                             ;                ;
; Combinational ALUT usage for logic          ; 16             ;
;     -- 7 input functions                    ; 2              ;
;     -- 6 input functions                    ; 6              ;
;     -- 5 input functions                    ; 3              ;
;     -- 4 input functions                    ; 2              ;
;     -- <=3 input functions                  ; 3              ;
;                                             ;                ;
; Dedicated logic registers                   ; 4              ;
;                                             ;                ;
; I/O pins                                    ; 17             ;
;                                             ;                ;
; Total DSP Blocks                            ; 0              ;
;                                             ;                ;
; Maximum fan-out node                        ; i_SEL[0]~input ;
; Maximum fan-out                             ; 9              ;
; Total fan-out                               ; 114            ;
; Average fan-out                             ; 2.11           ;
+---------------------------------------------+----------------+


+-----------------------------------------------------------------------------------------------------------------------------------------------------------------------------------------------------------------------------------------------------------------------------------+
; Analysis & Synthesis Resource Utilization by Entity                                                                                                                                                                                                                               ;
+-------------------------------------------+---------------------+---------------------------+-------------------+------------+------+--------------+--------------------------------------------------------------------------------------------+------------------+--------------+
; Compilation Hierarchy Node                ; Combinational ALUTs ; Dedicated Logic Registers ; Block Memory Bits ; DSP Blocks ; Pins ; Virtual Pins ; Full Hierarchy Name                                                                        ; Entity Name      ; Library Name ;
+-------------------------------------------+---------------------+---------------------------+-------------------+------------+------+--------------+--------------------------------------------------------------------------------------------+------------------+--------------+
; |ula_4bit                                 ; 16 (0)              ; 4 (0)                     ; 0                 ; 0          ; 17   ; 0            ; |ula_4bit                                                                                  ; ula_4bit         ; work         ;
;    |adder_4bit:u_ADDER|                   ; 2 (0)               ; 0 (0)                     ; 0                 ; 0          ; 0    ; 0            ; |ula_4bit|adder_4bit:u_ADDER                                                               ; adder_4bit       ; work         ;
;       |full_adder_1bit:u_FULL_ADDER_1|    ; 1 (1)               ; 0 (0)                     ; 0                 ; 0          ; 0    ; 0            ; |ula_4bit|adder_4bit:u_ADDER|full_adder_1bit:u_FULL_ADDER_1                                ; full_adder_1bit  ; work         ;
;       |full_adder_1bit:u_FULL_ADDER_3|    ; 1 (1)               ; 0 (0)                     ; 0                 ; 0          ; 0    ; 0            ; |ula_4bit|adder_4bit:u_ADDER|full_adder_1bit:u_FULL_ADDER_3                                ; full_adder_1bit  ; work         ;
;    |incrementer_4bit:u_INCREMENTER|       ; 1 (0)               ; 0 (0)                     ; 0                 ; 0          ; 0    ; 0            ; |ula_4bit|incrementer_4bit:u_INCREMENTER                                                   ; incrementer_4bit ; work         ;
;       |adder_4bit:u_ADDER|                ; 1 (0)               ; 0 (0)                     ; 0                 ; 0          ; 0    ; 0            ; |ula_4bit|incrementer_4bit:u_INCREMENTER|adder_4bit:u_ADDER                                ; adder_4bit       ; work         ;
;          |full_adder_1bit:u_FULL_ADDER_2| ; 1 (1)               ; 0 (0)                     ; 0                 ; 0          ; 0    ; 0            ; |ula_4bit|incrementer_4bit:u_INCREMENTER|adder_4bit:u_ADDER|full_adder_1bit:u_FULL_ADDER_2 ; full_adder_1bit  ; work         ;
;    |mux_8x4bit:u_MUX|                     ; 11 (11)             ; 0 (0)                     ; 0                 ; 0          ; 0    ; 0            ; |ula_4bit|mux_8x4bit:u_MUX                                                                 ; mux_8x4bit       ; work         ;
;    |register_4bit:u_REGISTER|             ; 0 (0)               ; 4 (4)                     ; 0                 ; 0          ; 0    ; 0            ; |ula_4bit|register_4bit:u_REGISTER                                                         ; register_4bit    ; work         ;
;    |subtractor_4bit:u_SUBTRACTOR|         ; 2 (0)               ; 0 (0)                     ; 0                 ; 0          ; 0    ; 0            ; |ula_4bit|subtractor_4bit:u_SUBTRACTOR                                                     ; subtractor_4bit  ; work         ;
;       |adder_4bit:u_ADDER|                ; 2 (0)               ; 0 (0)                     ; 0                 ; 0          ; 0    ; 0            ; |ula_4bit|subtractor_4bit:u_SUBTRACTOR|adder_4bit:u_ADDER                                  ; adder_4bit       ; work         ;
;          |full_adder_1bit:u_FULL_ADDER_2| ; 1 (1)               ; 0 (0)                     ; 0                 ; 0          ; 0    ; 0            ; |ula_4bit|subtractor_4bit:u_SUBTRACTOR|adder_4bit:u_ADDER|full_adder_1bit:u_FULL_ADDER_2   ; full_adder_1bit  ; work         ;
;          |full_adder_1bit:u_FULL_ADDER_3| ; 1 (1)               ; 0 (0)                     ; 0                 ; 0          ; 0    ; 0            ; |ula_4bit|subtractor_4bit:u_SUBTRACTOR|adder_4bit:u_ADDER|full_adder_1bit:u_FULL_ADDER_3   ; full_adder_1bit  ; work         ;
+-------------------------------------------+---------------------+---------------------------+-------------------+------------+------+--------------+--------------------------------------------------------------------------------------------+------------------+--------------+
Note: For table entries with two numbers listed, the numbers in parentheses indicate the number of resources of the given type used by the specific entity alone. The numbers listed outside of parentheses indicate the total resources of the given type used by the specific entity and all of its sub-entities in the hierarchy.


+------------------------------------------------------+
; General Register Statistics                          ;
+----------------------------------------------+-------+
; Statistic                                    ; Value ;
+----------------------------------------------+-------+
; Total registers                              ; 4     ;
; Number of registers using Synchronous Clear  ; 0     ;
; Number of registers using Synchronous Load   ; 0     ;
; Number of registers using Asynchronous Clear ; 0     ;
; Number of registers using Asynchronous Load  ; 0     ;
; Number of registers using Clock Enable       ; 4     ;
; Number of registers using Preset             ; 0     ;
+----------------------------------------------+-------+


+---------------------------------------------------------------------------------------------------------------------------------------------------------+
; Multiplexer Restructuring Statistics (Restructuring Performed)                                                                                          ;
+--------------------+-----------+---------------+----------------------+------------------------+------------+-------------------------------------------+
; Multiplexer Inputs ; Bus Width ; Baseline Area ; Area if Restructured ; Saving if Restructured ; Registered ; Example Multiplexer Output                ;
+--------------------+-----------+---------------+----------------------+------------------------+------------+-------------------------------------------+
; 8:1                ; 3 bits    ; 15 LEs        ; 15 LEs               ; 0 LEs                  ; Yes        ; |ula_4bit|register_4bit:u_REGISTER|o_R[1] ;
+--------------------+-----------+---------------+----------------------+------------------------+------------+-------------------------------------------+


+-----------------------------------------------------------------------------------------------------------------------+
; Port Connectivity Checks: "incrementer_4bit:u_INCREMENTER"                                                            ;
+-------------+--------+----------+-------------------------------------------------------------------------------------+
; Port        ; Type   ; Severity ; Details                                                                             ;
+-------------+--------+----------+-------------------------------------------------------------------------------------+
; o_carry_out ; Output ; Info     ; Connected to dangling logic. Logic that only feeds a dangling port will be removed. ;
+-------------+--------+----------+-------------------------------------------------------------------------------------+


+------------------------------------------------------------------------------------------------------------+
; Port Connectivity Checks: "subtractor_4bit:u_SUBTRACTOR|incrementer_4bit:u_INCREMENTER|adder_4bit:u_ADDER" ;
+-----------+-------+----------+-----------------------------------------------------------------------------+
; Port      ; Type  ; Severity ; Details                                                                     ;
+-----------+-------+----------+-----------------------------------------------------------------------------+
; i_b[3..1] ; Input ; Info     ; Stuck at GND                                                                ;
; i_b[0]    ; Input ; Info     ; Stuck at VCC                                                                ;
+-----------+-------+----------+-----------------------------------------------------------------------------+


+-----------------------------------------------------------------------------------------------------------------------+
; Port Connectivity Checks: "subtractor_4bit:u_SUBTRACTOR|incrementer_4bit:u_INCREMENTER"                               ;
+-------------+--------+----------+-------------------------------------------------------------------------------------+
; Port        ; Type   ; Severity ; Details                                                                             ;
+-------------+--------+----------+-------------------------------------------------------------------------------------+
; o_carry_out ; Output ; Info     ; Connected to dangling logic. Logic that only feeds a dangling port will be removed. ;
+-------------+--------+----------+-------------------------------------------------------------------------------------+


+-----------------------------------------------------------------------------------------------------------------------+
; Port Connectivity Checks: "subtractor_4bit:u_SUBTRACTOR"                                                              ;
+-------------+--------+----------+-------------------------------------------------------------------------------------+
; Port        ; Type   ; Severity ; Details                                                                             ;
+-------------+--------+----------+-------------------------------------------------------------------------------------+
; o_carry_out ; Output ; Info     ; Connected to dangling logic. Logic that only feeds a dangling port will be removed. ;
+-------------+--------+----------+-------------------------------------------------------------------------------------+


+-------------------------------------------------------------------------------+
; Port Connectivity Checks: "adder_4bit:u_ADDER|full_adder_1bit:u_FULL_ADDER_0" ;
+------------+-------+----------+-----------------------------------------------+
; Port       ; Type  ; Severity ; Details                                       ;
+------------+-------+----------+-----------------------------------------------+
; i_carry_in ; Input ; Info     ; Stuck at GND                                  ;
+------------+-------+----------+-----------------------------------------------+


+-----------------------------------------------------------------------------------------------------------------------+
; Port Connectivity Checks: "adder_4bit:u_ADDER"                                                                        ;
+-------------+--------+----------+-------------------------------------------------------------------------------------+
; Port        ; Type   ; Severity ; Details                                                                             ;
+-------------+--------+----------+-------------------------------------------------------------------------------------+
; o_carry_out ; Output ; Info     ; Connected to dangling logic. Logic that only feeds a dangling port will be removed. ;
+-------------+--------+----------+-------------------------------------------------------------------------------------+


+-----------------------------------------------------+
; Post-Synthesis Netlist Statistics for Top Partition ;
+-----------------------+-----------------------------+
; Type                  ; Count                       ;
+-----------------------+-----------------------------+
; arriav_ff             ; 4                           ;
;     ENA               ; 4                           ;
; arriav_lcell_comb     ; 16                          ;
;     extend            ; 2                           ;
;         7 data inputs ; 2                           ;
;     normal            ; 14                          ;
;         2 data inputs ; 1                           ;
;         3 data inputs ; 2                           ;
;         4 data inputs ; 2                           ;
;         5 data inputs ; 3                           ;
;         6 data inputs ; 6                           ;
; boundary_port         ; 17                          ;
;                       ;                             ;
; Max LUT depth         ; 3.00                        ;
; Average LUT depth     ; 2.06                        ;
+-----------------------+-----------------------------+


+-------------------------------+
; Elapsed Time Per Partition    ;
+----------------+--------------+
; Partition Name ; Elapsed Time ;
+----------------+--------------+
; Top            ; 00:00:00     ;
+----------------+--------------+


+-------------------------------+
; Analysis & Synthesis Messages ;
+-------------------------------+
Info: *******************************************************************
Info: Running Quartus Prime Analysis & Synthesis
    Info: Version 21.1.1 Build 850 06/23/2022 SJ Lite Edition
    Info: Processing started: Sun Nov  6 15:04:53 2022
Info: Command: quartus_map --read_settings_files=on --write_settings_files=off ula_4bit -c ula_4bit
Warning (18236): Number of processors has not been specified which may cause overloading on shared machines.  Set the global assignment NUM_PARALLEL_PROCESSORS in your QSF to an appropriate value for best performance.
Info (20030): Parallel compilation is enabled and will use 6 of the 6 processors detected
Info (12021): Found 2 design units, including 1 entities, in source file ula_4bit.vhd
    Info (12022): Found design unit 1: ula_4bit-arch_ula_4bit File: C:/Users/Gustavo/Desktop/TrabalhoT2M2/ula_4bit.vhd Line: 16
    Info (12023): Found entity 1: ula_4bit File: C:/Users/Gustavo/Desktop/TrabalhoT2M2/ula_4bit.vhd Line: 4
Info (12021): Found 2 design units, including 1 entities, in source file adder_4bit.vhd
    Info (12022): Found design unit 1: adder_4bit-arch_adder_4bit File: C:/Users/Gustavo/Desktop/TrabalhoT2M2/adder_4bit.vhd Line: 14
    Info (12023): Found entity 1: adder_4bit File: C:/Users/Gustavo/Desktop/TrabalhoT2M2/adder_4bit.vhd Line: 4
Info (12021): Found 2 design units, including 1 entities, in source file full_adder_1bit.vhd
    Info (12022): Found design unit 1: full_adder_1bit-arch_full_adder_1bit File: C:/Users/Gustavo/Desktop/TrabalhoT2M2/full_adder_1bit.vhd Line: 15
    Info (12023): Found entity 1: full_adder_1bit File: C:/Users/Gustavo/Desktop/TrabalhoT2M2/full_adder_1bit.vhd Line: 4
Info (12021): Found 2 design units, including 1 entities, in source file inverter_4bit.vhd
    Info (12022): Found design unit 1: inverter_4bit-arch_inverter_4bit File: C:/Users/Gustavo/Desktop/TrabalhoT2M2/inverter_4bit.vhd Line: 12
    Info (12023): Found entity 1: inverter_4bit File: C:/Users/Gustavo/Desktop/TrabalhoT2M2/inverter_4bit.vhd Line: 4
Info (12021): Found 2 design units, including 1 entities, in source file incrementer_4bit.vhd
    Info (12022): Found design unit 1: incrementer_4bit-arch_incrementer_4bit File: C:/Users/Gustavo/Desktop/TrabalhoT2M2/incrementer_4bit.vhd Line: 13
    Info (12023): Found entity 1: incrementer_4bit File: C:/Users/Gustavo/Desktop/TrabalhoT2M2/incrementer_4bit.vhd Line: 4
Info (12021): Found 2 design units, including 1 entities, in source file subtractor_4bit.vhd
    Info (12022): Found design unit 1: subtractor_4bit-arch_subtractor_4bit File: C:/Users/Gustavo/Desktop/TrabalhoT2M2/subtractor_4bit.vhd Line: 14
    Info (12023): Found entity 1: subtractor_4bit File: C:/Users/Gustavo/Desktop/TrabalhoT2M2/subtractor_4bit.vhd Line: 4
Info (12021): Found 2 design units, including 1 entities, in source file and_4bit.vhd
    Info (12022): Found design unit 1: and_4bit-arch_and_4bit File: C:/Users/Gustavo/Desktop/TrabalhoT2M2/and_4bit.vhd Line: 13
    Info (12023): Found entity 1: and_4bit File: C:/Users/Gustavo/Desktop/TrabalhoT2M2/and_4bit.vhd Line: 4
Info (12021): Found 2 design units, including 1 entities, in source file or_4bit.vhd
    Info (12022): Found design unit 1: or_4bit-arch_or_4bit File: C:/Users/Gustavo/Desktop/TrabalhoT2M2/or_4bit.vhd Line: 13
    Info (12023): Found entity 1: or_4bit File: C:/Users/Gustavo/Desktop/TrabalhoT2M2/or_4bit.vhd Line: 4
Info (12021): Found 2 design units, including 1 entities, in source file mux_8x8bit.vhd
    Info (12022): Found design unit 1: mux_8x4bit-arch_mux_8x4bit File: C:/Users/Gustavo/Desktop/TrabalhoT2M2/mux_8x8bit.vhd Line: 20
    Info (12023): Found entity 1: mux_8x4bit File: C:/Users/Gustavo/Desktop/TrabalhoT2M2/mux_8x8bit.vhd Line: 4
Info (12021): Found 2 design units, including 1 entities, in source file xor_4bit.vhd
    Info (12022): Found design unit 1: xor_4bit-arch_xor_4bit File: C:/Users/Gustavo/Desktop/TrabalhoT2M2/xor_4bit.vhd Line: 13
    Info (12023): Found entity 1: xor_4bit File: C:/Users/Gustavo/Desktop/TrabalhoT2M2/xor_4bit.vhd Line: 4
Info (12021): Found 2 design units, including 1 entities, in source file testbenches/and_4bit_tb.vhd
    Info (12022): Found design unit 1: and_4bit_tb-arch_and_4bit_tb File: C:/Users/Gustavo/Desktop/TrabalhoT2M2/testbenches/and_4bit_tb.vhd Line: 7
    Info (12023): Found entity 1: and_4bit_tb File: C:/Users/Gustavo/Desktop/TrabalhoT2M2/testbenches/and_4bit_tb.vhd Line: 4
Info (12021): Found 2 design units, including 1 entities, in source file testbenches/or_4bit_tb.vhd
    Info (12022): Found design unit 1: or_4bit_tb-arch_or_4bit_tb File: C:/Users/Gustavo/Desktop/TrabalhoT2M2/testbenches/or_4bit_tb.vhd Line: 7
    Info (12023): Found entity 1: or_4bit_tb File: C:/Users/Gustavo/Desktop/TrabalhoT2M2/testbenches/or_4bit_tb.vhd Line: 4
Info (12021): Found 2 design units, including 1 entities, in source file testbenches/xor_4bit_tb.vhd
    Info (12022): Found design unit 1: xor_4bit_tb-arch_xor_4bit_tb File: C:/Users/Gustavo/Desktop/TrabalhoT2M2/testbenches/xor_4bit_tb.vhd Line: 7
    Info (12023): Found entity 1: xor_4bit_tb File: C:/Users/Gustavo/Desktop/TrabalhoT2M2/testbenches/xor_4bit_tb.vhd Line: 4
Info (12021): Found 2 design units, including 1 entities, in source file testbenches/inverter_4bit_tb.vhd
    Info (12022): Found design unit 1: inverter_4bit_tb-arch_inverter_4bit_tb File: C:/Users/Gustavo/Desktop/TrabalhoT2M2/testbenches/inverter_4bit_tb.vhd Line: 7
    Info (12023): Found entity 1: inverter_4bit_tb File: C:/Users/Gustavo/Desktop/TrabalhoT2M2/testbenches/inverter_4bit_tb.vhd Line: 4
Info (12021): Found 2 design units, including 1 entities, in source file testbenches/full_adder_1bit_tb.vhd
    Info (12022): Found design unit 1: full_adder_1bit_tb-arch_full_adder_1bit_tb File: C:/Users/Gustavo/Desktop/TrabalhoT2M2/testbenches/full_adder_1bit_tb.vhd Line: 7
    Info (12023): Found entity 1: full_adder_1bit_tb File: C:/Users/Gustavo/Desktop/TrabalhoT2M2/testbenches/full_adder_1bit_tb.vhd Line: 4
Info (12021): Found 2 design units, including 1 entities, in source file testbenches/adder_4bit_tb.vhd
    Info (12022): Found design unit 1: adder_4bit_tb-arch_adder_4bit_tb File: C:/Users/Gustavo/Desktop/TrabalhoT2M2/testbenches/adder_4bit_tb.vhd Line: 7
    Info (12023): Found entity 1: adder_4bit_tb File: C:/Users/Gustavo/Desktop/TrabalhoT2M2/testbenches/adder_4bit_tb.vhd Line: 4
Info (12021): Found 2 design units, including 1 entities, in source file testbenches/subtractor_4bit_tb.vhd
    Info (12022): Found design unit 1: subtractor_4bit_tb-arch_subtractor_4bit_tb File: C:/Users/Gustavo/Desktop/TrabalhoT2M2/testbenches/subtractor_4bit_tb.vhd Line: 7
    Info (12023): Found entity 1: subtractor_4bit_tb File: C:/Users/Gustavo/Desktop/TrabalhoT2M2/testbenches/subtractor_4bit_tb.vhd Line: 4
Info (12021): Found 2 design units, including 1 entities, in source file testbenches/incrementer_4bit_tb.vhd
    Info (12022): Found design unit 1: incrementer_4bit_tb-arch_incrementer_4bit_tb File: C:/Users/Gustavo/Desktop/TrabalhoT2M2/testbenches/incrementer_4bit_tb.vhd Line: 7
    Info (12023): Found entity 1: incrementer_4bit_tb File: C:/Users/Gustavo/Desktop/TrabalhoT2M2/testbenches/incrementer_4bit_tb.vhd Line: 4
Info (12021): Found 2 design units, including 1 entities, in source file testbenches/ula_4bit_tb.vhd
    Info (12022): Found design unit 1: ula_4bit_tb-arch_ula_4bit_tb File: C:/Users/Gustavo/Desktop/TrabalhoT2M2/testbenches/ula_4bit_tb.vhd Line: 7
    Info (12023): Found entity 1: ula_4bit_tb File: C:/Users/Gustavo/Desktop/TrabalhoT2M2/testbenches/ula_4bit_tb.vhd Line: 4
Info (12021): Found 2 design units, including 1 entities, in source file register_4bit.vhd
    Info (12022): Found design unit 1: register_4bit-arch_register_4bit File: C:/Users/Gustavo/Desktop/TrabalhoT2M2/register_4bit.vhd Line: 14
    Info (12023): Found entity 1: register_4bit File: C:/Users/Gustavo/Desktop/TrabalhoT2M2/register_4bit.vhd Line: 4
Info (12021): Found 2 design units, including 1 entities, in source file testbenches/register_4bit_tb.vhd
    Info (12022): Found design unit 1: register_4bit_tb-arch_register_4bit_tb File: C:/Users/Gustavo/Desktop/TrabalhoT2M2/testbenches/register_4bit_tb.vhd Line: 7
    Info (12023): Found entity 1: register_4bit_tb File: C:/Users/Gustavo/Desktop/TrabalhoT2M2/testbenches/register_4bit_tb.vhd Line: 4
Info (12127): Elaborating entity "ula_4bit" for the top level hierarchy
Info (12128): Elaborating entity "adder_4bit" for hierarchy "adder_4bit:u_ADDER" File: C:/Users/Gustavo/Desktop/TrabalhoT2M2/ula_4bit.vhd Line: 119
Info (12128): Elaborating entity "full_adder_1bit" for hierarchy "adder_4bit:u_ADDER|full_adder_1bit:u_FULL_ADDER_0" File: C:/Users/Gustavo/Desktop/TrabalhoT2M2/adder_4bit.vhd Line: 32
Info (12128): Elaborating entity "subtractor_4bit" for hierarchy "subtractor_4bit:u_SUBTRACTOR" File: C:/Users/Gustavo/Desktop/TrabalhoT2M2/ula_4bit.vhd Line: 120
Info (12128): Elaborating entity "inverter_4bit" for hierarchy "subtractor_4bit:u_SUBTRACTOR|inverter_4bit:u_INVERTER" File: C:/Users/Gustavo/Desktop/TrabalhoT2M2/subtractor_4bit.vhd Line: 47
Info (12128): Elaborating entity "incrementer_4bit" for hierarchy "subtractor_4bit:u_SUBTRACTOR|incrementer_4bit:u_INCREMENTER" File: C:/Users/Gustavo/Desktop/TrabalhoT2M2/subtractor_4bit.vhd Line: 48
Info (12128): Elaborating entity "and_4bit" for hierarchy "and_4bit:u_AND" File: C:/Users/Gustavo/Desktop/TrabalhoT2M2/ula_4bit.vhd Line: 122
Info (12128): Elaborating entity "or_4bit" for hierarchy "or_4bit:u_OR" File: C:/Users/Gustavo/Desktop/TrabalhoT2M2/ula_4bit.vhd Line: 123
Info (12128): Elaborating entity "xor_4bit" for hierarchy "xor_4bit:u_XOR" File: C:/Users/Gustavo/Desktop/TrabalhoT2M2/ula_4bit.vhd Line: 124
Info (12128): Elaborating entity "mux_8x4bit" for hierarchy "mux_8x4bit:u_MUX" File: C:/Users/Gustavo/Desktop/TrabalhoT2M2/ula_4bit.vhd Line: 127
Info (12128): Elaborating entity "register_4bit" for hierarchy "register_4bit:u_REGISTER" File: C:/Users/Gustavo/Desktop/TrabalhoT2M2/ula_4bit.vhd Line: 140
Info (286030): Timing-Driven Synthesis is running
Info (16010): Generating hard_block partition "hard_block:auto_generated_inst"
    Info (16011): Adding 0 node(s), including 0 DDIO, 0 PLL, 0 transceiver and 0 LCELL
Info (21057): Implemented 33 device resources after synthesis - the final resource count might be different
    Info (21058): Implemented 13 input pins
    Info (21059): Implemented 4 output pins
    Info (21061): Implemented 16 logic cells
Info: Quartus Prime Analysis & Synthesis was successful. 0 errors, 1 warning
    Info: Peak virtual memory: 4875 megabytes
    Info: Processing ended: Sun Nov  6 15:05:01 2022
    Info: Elapsed time: 00:00:08
    Info: Total CPU time (on all processors): 00:00:19


